[
  {
    "bitmark": "[.interview:bitmark--]\n[%A23a]\n[!Vertiefen Sie den Wortschatz des Textes.\n\nWas bedeuten die folgenden Ausdrücke? Erklären Sie sie mit anderen Worten.]\n===\n1. Dafür wird auch wieder **tief in die Tasche** gegriffen.[@shortAnswer]\n===\n[$viel Geld ausgeben]\n===\n2. **die Katze im Sack kaufen**[@shortAnswer]\n===\n[$sich vorher nicht informieren/et- was ungeprüft kaufen/buchen]\n===",
    "bit": {
      "type": "interview",
      "format": "bitmark--",
      "item": "A23a",
      "instruction": "Vertiefen Sie den Wortschatz des Textes.\n\nWas bedeuten die folgenden Ausdrücke? Erklären Sie sie mit anderen Worten.",
      "body": "",
      "footer": "",
      "hint": "",
      "questions": [
        {
          "item": "",
          "question": "1. Dafür wird auch wieder **tief in die Tasche** gegriffen.",
          "instruction": "",
          "hint": "",
          "isExample": false,
          "example": "",
          "sampleSolution": "",
          "partialAnswer": "",
          "isShortAnswer": true
        },
        {
          "item": "",
          "question": "",
          "instruction": "",
          "hint": "",
          "isExample": false,
          "example": "",
          "sampleSolution": "viel Geld ausgeben",
          "partialAnswer": "",
          "isShortAnswer": true
        },
        {
          "item": "",
          "question": "2. **die Katze im Sack kaufen**",
          "instruction": "",
          "hint": "",
          "isExample": false,
          "example": "",
          "sampleSolution": "",
          "partialAnswer": "",
          "isShortAnswer": true
        },
        {
          "item": "",
          "question": "",
          "instruction": "",
          "hint": "",
          "isExample": false,
          "example": "",
          "sampleSolution": "sich vorher nicht informieren/et- was ungeprüft kaufen/buchen",
          "partialAnswer": "",
          "isShortAnswer": true
        }
      ]
    }
  },
  {
    "bitmark": "[.interview:bitmark--]\n[%A23b]\n[!Drücken Sie zukünftige Erwartungen mithilfe von __werden__ zu den folgenden Themen aus.]\n===\n[%◇]Verkehrssituation in Ihrer Heimatstadt/Ihrem Heimatland[@shortAnswer]\n[@example:Die Staus auf den Autobahnen werden zunehmen.\nDie Preise für die öffentlichen Verkehrsmittel werden steigen.]\n===\n[%1]Eisberge in der Antarktis[@shortAnswer]\n===\n[%2]Wasserspiegel des Meeres[@shortAnswer]\n===",
    "bit": {
      "type": "interview",
      "format": "bitmark--",
      "item": "A23b",
      "instruction": "Drücken Sie zukünftige Erwartungen mithilfe von __werden__ zu den folgenden Themen aus.",
      "body": "",
      "footer": "",
      "hint": "",
      "questions": [
        {
          "item": "◇",
          "question": "Verkehrssituation in Ihrer Heimatstadt/Ihrem Heimatland",
          "instruction": "",
          "hint": "",
          "isExample": true,
          "example": "Die Staus auf den Autobahnen werden zunehmen.\nDie Preise für die öffentlichen Verkehrsmittel werden steigen.",
          "sampleSolution": "",
          "partialAnswer": "",
          "isShortAnswer": true
        },
        {
          "item": "1",
          "question": "Eisberge in der Antarktis",
          "instruction": "",
          "hint": "",
          "isExample": false,
          "example": "",
          "sampleSolution": "",
          "partialAnswer": "",
          "isShortAnswer": true
        },
        {
          "item": "2",
          "question": "Wasserspiegel des Meeres",
          "instruction": "",
          "hint": "",
          "isExample": false,
          "example": "",
          "sampleSolution": "",
          "partialAnswer": "",
          "isShortAnswer": true
        }
      ]
    }
  }
]