[
  {
    "bitmark": "[.match-solution-grouped]\n[%A9b]\n[!Ordnen Sie die passenden Verben zu.]\n==bitmark Website==\n(:https://www.bitbook.education)\n==\n\n\n===\n[%1]unter Asthmaanfällen\n==\nleiden\n===",
    "bit": {
      "type": "match-solution-grouped",
      "format": "bitmark--",
      "item": "A9b",
      "heading": {},
      "pairs": [
        {
          "key": "unter Asthmaanfällen",
          "values": [
            "leiden"
          ],
          "item": "1",
          "hint": "",
          "instruction": "",
          "isCaseSensitive": true,
          "isExample": false,
          "example": "",
          "isLongAnswer": false
        }
      ],
      "body": "bitmark Website(:https://www.bitbook.education)",
      "instruction": "Ordnen Sie die passenden Verben zu."
    },
    "errors": [
      {
        "message": "Unexpected input 'https://www.bitbook.education)'",
        "line": 5,
        "column": 2,
        "errorLine": "(:https://www.bitbook.education)"
      },
      {
        "message": "Unexpected input '=='",
        "line": 6,
        "column": 0,
        "errorLine": "=="
      }
    ]
  }
]