[
  {
    "bitmark": "[.chapter]\n[##Teil A]",
    "bit": {
      "type": "chapter",
      "format": "bitmark--",
      "body": "",
      "item": "",
      "hint": "",
      "isExample": false,
      "example": "",
      "level": 2,
      "progress": true,
      "toc": true,
      "title": "Teil A"
    }
  },
  {
    "bitmark": "[.chapter]\n[###Lebensl채ufe]\n[@leave.context:business]\n[@leave.subject:Lebensl채ufe]",
    "bit": {
      "type": "chapter",
      "format": "bitmark--",
      "body": "",
      "item": "",
      "hint": "",
      "isExample": false,
      "example": "",
      "level": 3,
      "progress": true,
      "toc": true,
      "title": "Lebensl채ufe",
      "leave.context": [
        "business"
      ],
      "leave.subject": [
        "Lebensl채ufe"
      ]
    }
  },
  {
    "bitmark": "[.chapter]\n[####Sich kennenlernen]\n[@leave.context:personal]\n[@leave.subject:Sich kennenlernen]",
    "bit": {
      "type": "chapter",
      "format": "bitmark--",
      "body": "",
      "item": "",
      "hint": "",
      "isExample": false,
      "example": "",
      "level": 4,
      "progress": true,
      "toc": true,
      "title": "Sich kennenlernen",
      "leave.context": [
        "personal"
      ],
      "leave.subject": [
        "Sich kennenlernen"
      ]
    }
  }
]