[
  {
    "bitmark": "[.book:bitmark--]\n[#BookTitle]\n[##BookSubtitle]\n[@subject:German as a Foreign Language]",
    "bit": {
      "type": "book",
      "format": "bitmark--",
      "body": "",
      "item": "",
      "hint": "",
      "isExample": false,
      "example": "",
      "title": "BookTitle",
      "subtitle": "BookSubtitle",
      "subject": ["German as a Foreign Language"]
    }
  },
  {
    "bitmark": "[.summary]\n[#Summary of this Book]\nThis is the summary of this book. It is often  used outside the book like in an online book store, or as a short description for a rich link.",
    "bit": {
      "type": "summary",
      "format": "bitmark--",
      "body": "This is the summary of this book. It is often  used outside the book like in an online book store, or as a short description for a rich link.",
      "item": "",
      "hint": "",
      "isExample": false,
      "example": "",
      "title": "Summary of this Book"
    }
  },
  {
    "bitmark": "[.chapter]\n[#nil]\n[@progress:false]",
    "bit": {
      "type": "chapter",
      "format": "bitmark--",
      "body": "",
      "item": "",
      "hint": "",
      "isExample": false,
      "example": "",
      "level": 1,
      "progress": "false",
      "toc": true,
      "title": "nil"
    }
  },
  {
    "bitmark": "[.chapter]\n[##Preface]\n[@progress:false]\n[@toc:false]",
    "bit": {
      "type": "chapter",
      "format": "bitmark--",
      "body": "",
      "item": "",
      "hint": "",
      "isExample": false,
      "example": "",
      "level": 2,
      "progress": "false",
      "toc": "false",
      "title": "Preface"
    }
  },
  {
    "bitmark": "[.article]\nDear reader,\n**Thank you** for buying this book!",
    "bit": {
      "type": "article",
      "format": "bitmark--",
      "body": "Dear reader,\n**Thank you** for buying this book!"
    }
  },
  {
    "bitmark": "[.chapter]\n[##Introduction]",
    "bit": {
      "type": "chapter",
      "format": "bitmark--",
      "body": "",
      "item": "",
      "hint": "",
      "isExample": false,
      "example": "",
      "level": 2,
      "progress": true,
      "toc": true,
      "title": "Introduction"
    }
  },
  {
    "bitmark": "[.article]\nThis book is an example.",
    "bit": {
      "type": "article",
      "format": "bitmark--",
      "body": "This book is an example."
    }
  },
  {
    "bitmark": "[.chapter][▼imprint]\n[##Imprint and Legal Notice]",
    "bit": {
      "type": "chapter",
      "format": "bitmark--",
      "body": "",
      "item": "",
      "hint": "",
      "isExample": false,
      "example": "",
      "level": 2,
      "progress": true,
      "toc": true,
      "anchor": "imprint",
      "title": "Imprint and Legal Notice"
    }
  },
  {
    "bitmark": "[.article]\nCopyright © 2018 - Material published in this electronic book is protected by copyright. All rights reserved.",
    "bit": {
      "type": "article",
      "format": "bitmark--",
      "body": "Copyright © 2018 - Material published in this electronic book is protected by copyright. All rights reserved."
    }
  },
  {
    "bitmark": "[.chapter]\n[#Chapter One]\n[%1]",
    "bit": {
      "type": "chapter",
      "format": "bitmark--",
      "body": "",
      "item": "1",
      "hint": "",
      "isExample": false,
      "example": "",
      "level": 1,
      "progress": true,
      "toc": true,
      "title": "Chapter One"
    }
  },
  {
    "bitmark": "[.summary]\n[#Summary of Chapter One]\nThis is a summary of chapter 1.",
    "bit": {
      "type": "summary",
      "format": "bitmark--",
      "body": "This is a summary of chapter 1.",
      "item": "",
      "hint": "",
      "isExample": false,
      "example": "",
      "title": "Summary of Chapter One"
    }
  },
  {
    "bitmark": "[.bit-alias][►com.firstpub.09823409h22]",
    "bit": {
      "type": "bit-alias",
      "format": "bitmark--",
      "body": "",
      "item": "",
      "hint": "",
      "isExample": false,
      "example": "",
      "reference": "com.firstpub.09823409h22"
    }
  },
  {
    "bitmark": "[.bit-alias][►com.firstpub.09823409h23]",
    "bit": {
      "type": "bit-alias",
      "format": "bitmark--",
      "body": "",
      "item": "",
      "hint": "",
      "isExample": false,
      "example": "",
      "reference": "com.firstpub.09823409h23"
    }
  },
  {
    "bitmark": "[.bit-alias][►com.firstpub.09823409h24]",
    "bit": {
      "type": "bit-alias",
      "format": "bitmark--",
      "body": "",
      "item": "",
      "hint": "",
      "isExample": false,
      "example": "",
      "reference": "com.firstpub.09823409h24"
    }
  },
  {
    "bitmark": "[.bit-alias][►com.firstpub.09823409h25]",
    "bit": {
      "type": "bit-alias",
      "format": "bitmark--",
      "body": "",
      "item": "",
      "hint": "",
      "isExample": false,
      "example": "",
      "reference": "com.firstpub.09823409h25"
    }
  },
  {
    "bitmark": "[.internal-link][!More...][►chapt_03]",
    "bit": {
      "type": "internal-link",
      "format": "bitmark--",
      "body": "",
      "item": "",
      "hint": "",
      "isExample": false,
      "example": "",
      "instruction": "More...",
      "reference": "chapt_03"
    }
  },
  {
    "bitmark": "[.chapter]\n[#Chapter Two]\n[%2]",
    "bit": {
      "type": "chapter",
      "format": "bitmark--",
      "body": "",
      "item": "2",
      "hint": "",
      "isExample": false,
      "example": "",
      "level": 1,
      "progress": true,
      "toc": true,
      "title": "Chapter Two"
    }
  },
  {
    "bitmark": "[.summary]\n[#Chapter Two Summary]\nThis is a summary of chapter 2.",
    "bit": {
      "type": "summary",
      "format": "bitmark--",
      "body": "This is a summary of chapter 2.",
      "item": "",
      "hint": "",
      "isExample": false,
      "example": "",
      "title": "Chapter Two Summary"
    }
  },
  {
    "bitmark": "[.bit-alias][►com.firstpub.09823409h42]",
    "bit": {
      "type": "bit-alias",
      "format": "bitmark--",
      "body": "",
      "item": "",
      "hint": "",
      "isExample": false,
      "example": "",
      "reference": "com.firstpub.09823409h42"
    }
  },
  {
    "bitmark": "[.bit-alias][►com.firstpub.09823409h43]",
    "bit": {
      "type": "bit-alias",
      "format": "bitmark--",
      "body": "",
      "item": "",
      "hint": "",
      "isExample": false,
      "example": "",
      "reference": "com.firstpub.09823409h43"
    }
  },
  {
    "bitmark": "[.bit-alias][►com.firstpub.09823409h44]",
    "bit": {
      "type": "bit-alias",
      "format": "bitmark--",
      "body": "",
      "item": "",
      "hint": "",
      "isExample": false,
      "example": "",
      "reference": "com.firstpub.09823409h44"
    }
  },
  {
    "bitmark": "[.bit-alias][►com.firstpub.09823409h45]",
    "bit": {
      "type": "bit-alias",
      "format": "bitmark--",
      "body": "",
      "item": "",
      "hint": "",
      "isExample": false,
      "example": "",
      "reference": "com.firstpub.09823409h45"
    }
  },
  {
    "bitmark": "[.bit-alias][►com.firstpub.09823409h47]",
    "bit": {
      "type": "bit-alias",
      "format": "bitmark--",
      "body": "",
      "item": "",
      "hint": "",
      "isExample": false,
      "example": "",
      "reference": "com.firstpub.09823409h47"
    }
  },
  {
    "bitmark": "[.chapter]\n[@level:2]",
    "bit": {
      "type": "chapter",
      "format": "bitmark--",
      "body": "",
      "item": "",
      "hint": "",
      "isExample": false,
      "example": "",
      "level": "2",
      "progress": true,
      "toc": true
    }
  },
  {
    "bitmark": "[.bit-alias][►com.firstpub.09823409h43]",
    "bit": {
      "type": "bit-alias",
      "format": "bitmark--",
      "body": "",
      "item": "",
      "hint": "",
      "isExample": false,
      "example": "",
      "reference": "com.firstpub.09823409h43"
    }
  },
  {
    "bitmark": "[.chapter][▼chapt_03]\n[##Chapter Three]\n[%3]",
    "bit": {
      "type": "chapter",
      "format": "bitmark--",
      "body": "",
      "item": "3",
      "hint": "",
      "isExample": false,
      "example": "",
      "level": 2,
      "progress": true,
      "toc": true,
      "anchor": "chapt_03",
      "title": "Chapter Three"
    }
  },
  {
    "bitmark": "[.bit-alias][►com.firstpub.09823409h50][▼b1_c03]",
    "bit": {
      "type": "bit-alias",
      "format": "bitmark--",
      "body": "",
      "item": "",
      "hint": "",
      "isExample": false,
      "example": "",
      "reference": "com.firstpub.09823409h50",
      "anchor": "b1_c03"
    }
  },
  {
    "bitmark": "[.bit-alias][►com.firstpub.09823409h54]",
    "bit": {
      "type": "bit-alias",
      "format": "bitmark--",
      "body": "",
      "item": "",
      "hint": "",
      "isExample": false,
      "example": "",
      "reference": "com.firstpub.09823409h54"
    }
  },
  {
    "bitmark": "[.bit-alias][►com.firstpub.09823409h56]",
    "bit": {
      "type": "bit-alias",
      "format": "bitmark--",
      "body": "",
      "item": "",
      "hint": "",
      "isExample": false,
      "example": "",
      "reference": "com.firstpub.09823409h56"
    }
  }
]
