[
  {
    "bitmark": "[.book&image]\n[! this is my book]\n[# Erkundungen]\n[##  Deutsch als Fremdsprache]\n[@ subject: Integriertes Kurs- und Arbeitsbuch Sprachniveau B2]\n[@ language:en]\n[@ copyright: © 2012 by A Publisher International Ltd., Zurich, Switzerland]\n[@ skills: reading]\n[@ ageRange: 18, 969]\n[@ complexity: intermediate]\n[@seriesTitle: German as a Foreign Language]\n[@seriesId: com.firstpub.e0111]\n[@numberInSeries: 1]\n[@format: Integrated course and work book]\n[@type: book]\n[@isLiveBook: false]\n[@isSmartBook: false]\n[@isHighQuality: true]\n\n[&image:https://docs.bitbook.education/bit-books/schubert/schubert_erkundungen_b2/web-resources/images/chapter_images/schubert_b2_images-007-010_1.png]",
    "bit": {
      "type": "book",
      "format": "bitmark--",
      "body": "",
      "item": "",
      "hint": "",
      "isExample": false,
      "example": "",
      "instruction": "this is my book",
      "title": "Erkundungen",
      "subtitle": "Deutsch als Fremdsprache",
      "subject": [
        "Integriertes Kurs- und Arbeitsbuch Sprachniveau B2"
      ],
      "language": [
        "en"
      ],
      "copyright": [
        "© 2012 by A Publisher International Ltd., Zurich, Switzerland"
      ],
      "skills": [
        "reading"
      ],
      "ageRange": [
        "18, 969"
      ],
      "complexity": [
        "intermediate"
      ],
      "seriesTitle": [
        "German as a Foreign Language"
      ],
      "seriesId": [
        "com.firstpub.e0111"
      ],
      "numberInSeries": [
        "1"
      ],
      "_format": [
        "Integrated course and work book"
      ],
      "_type": [
        "book"
      ],
      "isLiveBook": [
        "false"
      ],
      "isSmartBook": [
        "false"
      ],
      "isHighQuality": [
        "true"
      ],
      "resource": {
        "type": "image",
        "image": {
          "src": "https://docs.bitbook.education/bit-books/schubert/schubert_erkundungen_b2/web-resources/images/chapter_images/schubert_b2_images-007-010_1.png",
          "showInIndex": false,
          "format": "png",
          "width": null,
          "height": null,
          "alt": "",
          "caption": "",
          "license": "",
          "copyright": ""
        }
      }
    }
  }
]