[
  {
    "bitmark": "[.bot-action-send]\n[@date:2022-10-01T08:00:00CET]",
    "bit": {
      "type": "bot-action-send",
      "format": "bitmark--",
      "body": "",
      "item": "",
      "hint": "",
      "isExample": false,
      "example": "",
      "date": "2022-10-01T08:00:00CET"
    }
  },
  {
    "bitmark": "[.bot-action-announce]\n[@date:2022-10-01T08:00:00CET]",
    "bit": {
      "type": "bot-action-announce",
      "format": "bitmark--",
      "body": "",
      "item": "",
      "hint": "",
      "isExample": false,
      "example": "",
      "date": "2022-10-01T08:00:00CET"
    }
  },
  {
    "bitmark": "[.bot-action-save]\n[@date:2022-10-01T08:00:00CET]",
    "bit": {
      "type": "bot-action-save",
      "format": "bitmark--",
      "body": "",
      "item": "",
      "hint": "",
      "isExample": false,
      "example": "",
      "date": "2022-10-01T08:00:00CET"
    }
  },
  {
    "bitmark": "[.bot-action-remind]\n[@date:2022-10-01T08:00:00CET]",
    "bit": {
      "type": "bot-action-remind",
      "format": "bitmark--",
      "body": "",
      "item": "",
      "hint": "",
      "isExample": false,
      "example": "",
      "date": "2022-10-01T08:00:00CET"
    }
  }
]