[
  {
    "bitmark": "[.match-matrix:bitmark--]\n[@id:213911]\n[%130]\n[!Ordnen Sie folgende Risiken aus dem Unternehmensalltag eines grossen, im Exportgeschäft tätigen Papierfabrikanten den folgenden Kategorien zu und begründen Sie kurz.]\nKategorien: A Strategische Risiken, B Operative Risiken, C Finanzrisiken, D Soziale Risiken\n===\n[#Risiko]\n==\n[#Risikokategorie]\n==\n[#Begründung]\n===\nDer Sehweizer Franken erfahrt eine massive Aufwertung, d. h., er wird im Vergleich tu ausländischen Währungen massiv teurer.\n==\nC\n==\nFür ein in der Exportindustrie tätiges Unternehmen bedeutet eine Aufwertung des Schweizer Frankens einen Rückgang der Nachfrage, well die Produkte für das Ausland teurer werden. Die Gewinnmarge für die einzelnen Produkte wird zwar grosser, der Mengenrückgang im Absatz führt jedoch zu geringeren Gesamteinnahmen. Bei einer langfristig bestehenden Aufwertung des Schweizer Frankens kann dieses Risiko auch als ein strategisches Risiko (Kategorie A) bezeichnet werden.\n===\nEine neue Technologie wird entdeckt und bewirkt, dass unsere Produkte nicht mehr zu von den Kunden erwarteten Qualitatsstandards angeboten werden können.\n==\nA\n==\nDie Entwicklung von technologischen Neuerungen kann von einem Unternehmen über eine ausgebaute F-&-E-Abteilung beeinflusst werden. Wenn ein Konkurrent wider Erwarten eine technologische Neuerung auf den Markt bringt, so muss die Strategie neu überdacht werden.\n===\nDie Medien berichten, dass eines unserer Verwaltungsratsmitglieder in einen Bestechungsskandal verwickelt sei. Dadurch leidet unser Image in der Bevölkerung.\n==\nD\n==\nNegative Pressemeldungen können - ob sie der Wahrheit entsprechen oder nicht - das Nachfrageverhalten der Konsumenten negativ beeinflussen.\n===\nVerursacht durch einen landesweiten Stromausfall, stehen unsere Maschinen mehrere Stunden lang still.\n==\nB\n==\nEin Produktionsausfall verursacht durch «höhere Gewalt» führt aufgrund der kurzfristig fixen Kosten und der entgangenen Einnahmen zu hohen Kostenbelastungen im operativen Bereich.\n===\nWir halten eine Beteiligung von 40% des Aktienkapitals eines börsenkotierten Konkurrenzunternehmens. Die Aktien verlieren an der Börse massiv an Wert.\n==\nC\n==\nDer Wertverlust der Beteiligung ist ein Finanzrisiko. Sinkt der Wert der Aktien aufgrund eines schlechten Geschäftsgangs oder einer nachhaltigen Erfolglosigkeit des Unternehmens, an dem die Beteiligung gehalten wird, so kann das Risiko auch als strategisches Risiko bezeichnet werden. (Beteiligungen werden meistens aufgrund von strategischen Absichten gehalten).\n===\nÄnderungen der gesetzlichen Regelungen betreffend Altersvorsorge erhöhen unsere Personalkosten um 12%.\n==\nA\n==\nDie Änderung der gesetzlichen Bestimmungen kann vom Unternehmen nicht direkt beeinflusst werden. Ist die Wirkung der Änderung nachhaltig, so stellt sie ein strategisches Risiko dar. Dazu kommt, dass die Personalkosten kurzfristig fix sind und aufgrund der Sozial- Partnerschaft (zwischen Arbeitgebern und Arbeitnehmenden) auch mittel- bis langfristig nur geringfügig reduziert werden können.\n===",
    "bit": {
      "type": "match-matrix",
      "format": "bitmark--",
      "item": "130",
      "heading": {
        "forKeys": "Risiko",
        "forValues": [
          "Risikokategorie",
          "Begründung"
        ]
      },
      "matrix": [
        {
          "key": "Der Sehweizer Franken erfahrt eine massive Aufwertung, d. h., er wird im Vergleich tu ausländischen Währungen massiv teurer.",
          "cells": [
            {
              "item": "",
              "instruction": "",
              "values": [
                "C"
              ]
            },
            {
              "item": "",
              "instruction": "",
              "values": [
                "Für ein in der Exportindustrie tätiges Unternehmen bedeutet eine Aufwertung des Schweizer Frankens einen Rückgang der Nachfrage, well die Produkte für das Ausland teurer werden. Die Gewinnmarge für die einzelnen Produkte wird zwar grosser, der Mengenrückgang im Absatz führt jedoch zu geringeren Gesamteinnahmen. Bei einer langfristig bestehenden Aufwertung des Schweizer Frankens kann dieses Risiko auch als ein strategisches Risiko (Kategorie A) bezeichnet werden."
              ]
            }
          ],
          "item": "",
          "isCaseSensitive": true,
          "hint": "",
          "isExample": false,
          "example": "",
          "isLongAnswer": false
        },
        {
          "key": "Eine neue Technologie wird entdeckt und bewirkt, dass unsere Produkte nicht mehr zu von den Kunden erwarteten Qualitatsstandards angeboten werden können.",
          "cells": [
            {
              "item": "",
              "instruction": "",
              "values": [
                "A"
              ]
            },
            {
              "item": "",
              "instruction": "",
              "values": [
                "Die Entwicklung von technologischen Neuerungen kann von einem Unternehmen über eine ausgebaute F-&-E-Abteilung beeinflusst werden. Wenn ein Konkurrent wider Erwarten eine technologische Neuerung auf den Markt bringt, so muss die Strategie neu überdacht werden."
              ]
            }
          ],
          "item": "",
          "isCaseSensitive": true,
          "hint": "",
          "isExample": false,
          "example": "",
          "isLongAnswer": false
        },
        {
          "key": "Die Medien berichten, dass eines unserer Verwaltungsratsmitglieder in einen Bestechungsskandal verwickelt sei. Dadurch leidet unser Image in der Bevölkerung.",
          "cells": [
            {
              "item": "",
              "instruction": "",
              "values": [
                "D"
              ]
            },
            {
              "item": "",
              "instruction": "",
              "values": [
                "Negative Pressemeldungen können - ob sie der Wahrheit entsprechen oder nicht - das Nachfrageverhalten der Konsumenten negativ beeinflussen."
              ]
            }
          ],
          "item": "",
          "isCaseSensitive": true,
          "hint": "",
          "isExample": false,
          "example": "",
          "isLongAnswer": false
        },
        {
          "key": "Verursacht durch einen landesweiten Stromausfall, stehen unsere Maschinen mehrere Stunden lang still.",
          "cells": [
            {
              "item": "",
              "instruction": "",
              "values": [
                "B"
              ]
            },
            {
              "item": "",
              "instruction": "",
              "values": [
                "Ein Produktionsausfall verursacht durch «höhere Gewalt» führt aufgrund der kurzfristig fixen Kosten und der entgangenen Einnahmen zu hohen Kostenbelastungen im operativen Bereich."
              ]
            }
          ],
          "item": "",
          "isCaseSensitive": true,
          "hint": "",
          "isExample": false,
          "example": "",
          "isLongAnswer": false
        },
        {
          "key": "Wir halten eine Beteiligung von 40% des Aktienkapitals eines börsenkotierten Konkurrenzunternehmens. Die Aktien verlieren an der Börse massiv an Wert.",
          "cells": [
            {
              "item": "",
              "instruction": "",
              "values": [
                "C"
              ]
            },
            {
              "item": "",
              "instruction": "",
              "values": [
                "Der Wertverlust der Beteiligung ist ein Finanzrisiko. Sinkt der Wert der Aktien aufgrund eines schlechten Geschäftsgangs oder einer nachhaltigen Erfolglosigkeit des Unternehmens, an dem die Beteiligung gehalten wird, so kann das Risiko auch als strategisches Risiko bezeichnet werden. (Beteiligungen werden meistens aufgrund von strategischen Absichten gehalten)."
              ]
            }
          ],
          "item": "",
          "isCaseSensitive": true,
          "hint": "",
          "isExample": false,
          "example": "",
          "isLongAnswer": false
        },
        {
          "key": "Änderungen der gesetzlichen Regelungen betreffend Altersvorsorge erhöhen unsere Personalkosten um 12%.",
          "cells": [
            {
              "item": "",
              "instruction": "",
              "values": [
                "A"
              ]
            },
            {
              "item": "",
              "instruction": "",
              "values": [
                "Die Änderung der gesetzlichen Bestimmungen kann vom Unternehmen nicht direkt beeinflusst werden. Ist die Wirkung der Änderung nachhaltig, so stellt sie ein strategisches Risiko dar. Dazu kommt, dass die Personalkosten kurzfristig fix sind und aufgrund der Sozial- Partnerschaft (zwischen Arbeitgebern und Arbeitnehmenden) auch mittel- bis langfristig nur geringfügig reduziert werden können."
              ]
            }
          ],
          "item": "",
          "isCaseSensitive": true,
          "hint": "",
          "isExample": false,
          "example": "",
          "isLongAnswer": false
        }
      ],
      "body": "Kategorien: A Strategische Risiken, B Operative Risiken, C Finanzrisiken, D Soziale Risiken",
      "id": [
        "213911"
      ],
      "instruction": "Ordnen Sie folgende Risiken aus dem Unternehmensalltag eines grossen, im Exportgeschäft tätigen Papierfabrikanten den folgenden Kategorien zu und begründen Sie kurz."
    }
  }
]