[
  {
    "bitmark": "[.multiple-choice&imageWithAudio]\n[%A30a]\n[!Singles in Deutschland\n\nSie hören jetzt ein Interview über Singles in Deutschland. Welche Aussage entspricht dem Text?\nKreuzen Sie die richtige Antwort an.]\n\n[@reference: Allein zu Haus. Single als Lebensmodell? Tagesspiegel online, 11.7.2012 (Hanna Gieffers/Matthias Schlegel). In: https://www.tagesspiegel.de/politik]\n[&image::https://docs.bitbook.education/bit-books/schubert/schubert_erkundungen_b2/web-resources/images/727494_original_r_k_b_by_lupo_pixelio-heller.png]\n\n[&audio::https://docs.bitbook.education/bit-books/schubert/schubert_erkundungen_b2/web-resources/audio/03_erkundungen_b2_3a.mp3]\n||reference not attached to a text?||\n===\n[!Die Anzahl der Singlehaushalte in Deutschland]\n[+a) ist so hoch wie nie.][@example]\n[-b) ist stabil.]\n[-c) zeigt einen gesellschaftlichen Umbruch.]\n===\n[!1. Die meisten Singles]\n[-a) wohnen auf dem Land.]\n[-b) sind überzeugte Junggesellen.]\n[+c) kann man in den Großstädten finden.]\n===\n[!2. Singles sind]\n[-a) überdurchschnittlich erfolgreich.]\n[+b) eher armutsgefährdet als andere Personen.]\n[-c) besonders häufig in Führungspositionen zu finden.]\n===\n[!3. Frauen]\n[-a) finden das Singleleben besonders attraktiv.]\n[+b) sind heute durch bessere Bildungschancen unabhängiger. ]\n[-c) nutzen ihr Singleleben häufiger, um Karriere zu machen.]\n===\n[!4. Studien zufolge]\n[+a) träumen die meisten Deutschen noch immer von der großen Liebe. ]\n[-b) steigt die Anzahl der überzeugten Singles.]\n[-c) werden viele Menschen mit nur einem Partner glücklich.]\n===\n[!5. Im europäischen Vergleich der Ein-Personen-Haushalte]\n[+a) liegt Deutschland auf Platz zwei.]\n[-b) gibt es kaum Unterschiede zwischen den Ländern. ]\n[-c) haben Finnland und Dänemark die meisten Singles.]\n===",
    "bit": {
      "type": "multiple-choice",
      "format": "bitmark--",
      "item": "A30a",
      "instruction": "Singles in Deutschland\n\nSie hören jetzt ein Interview über Singles in Deutschland. Welche Aussage entspricht dem Text?\nKreuzen Sie die richtige Antwort an.",
      "body": "[&image::https://docs.bitbook.education/bit-books/schubert/schubert_erkundungen_b2/web-resources/images/727494_original_r_k_b_by_lupo_pixelio-heller.png]\n\n[&audio::https://docs.bitbook.education/bit-books/schubert/schubert_erkundungen_b2/web-resources/audio/03_erkundungen_b2_3a.mp3]\n\n===\n[!Die Anzahl der Singlehaushalte in Deutschland]\n[+a) ist so hoch wie nie.][@example]\n[-b) ist stabil.]\n[-c) zeigt einen gesellschaftlichen Umbruch.]\n===\n[!1. Die meisten Singles]\n[-a) wohnen auf dem Land.]\n[-b) sind überzeugte Junggesellen.]\n[+c) kann man in den Großstädten finden.]\n===\n[!2. Singles sind]\n[-a) überdurchschnittlich erfolgreich.]\n[+b) eher armutsgefährdet als andere Personen.]\n[-c) besonders häufig in Führungspositionen zu finden.]\n===\n[!3. Frauen]\n[-a) finden das Singleleben besonders attraktiv.]\n[+b) sind heute durch bessere Bildungschancen unabhängiger. ]\n[-c) nutzen ihr Singleleben häufiger, um Karriere zu machen.]\n===\n[!4. Studien zufolge]\n[+a) träumen die meisten Deutschen noch immer von der großen Liebe. ]\n[-b) steigt die Anzahl der überzeugten Singles.]\n[-c) werden viele Menschen mit nur einem Partner glücklich.]\n===\n[!5. Im europäischen Vergleich der Ein-Personen-Haushalte]\n[+a) liegt Deutschland auf Platz zwei.]\n[-b) gibt es kaum Unterschiede zwischen den Ländern. ]\n[-c) haben Finnland und Dänemark die meisten Singles.]\n===",
      "footer": "",
      "hint": "",
      "quizzes": [],
      "reference": [
        "Allein zu Haus. Single als Lebensmodell? Tagesspiegel online, 11.7.2012 (Hanna Gieffers/Matthias Schlegel). In: https://www.tagesspiegel.de/politik"
      ]
    },
    "errors": [
      {
        "message": "Unexpected input 'WithAudio'",
        "line": 1,
        "column": 23,
        "errorLine": "[.multiple-choice&imageWithAudio]"
      },
      {
        "message": "Unexpected input '\\n[&image::'",
        "line": 9,
        "column": 7,
        "errorLine": "[&image::https://docs.bitbook.education/bit-books/schubert/schubert_erkundungen_b2/web-resources/images/727494_original_r_k_b_by_lupo_pixelio-heller.png]"
      },
      {
        "message": "Unexpected input '[&image'",
        "line": 9,
        "column": 0,
        "errorLine": "[&image::https://docs.bitbook.education/bit-books/schubert/schubert_erkundungen_b2/web-resources/images/727494_original_r_k_b_by_lupo_pixelio-heller.png]"
      },
      {
        "message": "Unexpected input '[&audio'",
        "line": 11,
        "column": 0,
        "errorLine": "[&audio::https://docs.bitbook.education/bit-books/schubert/schubert_erkundungen_b2/web-resources/audio/03_erkundungen_b2_3a.mp3]"
      },
      {
        "message": "Unexpected input '\\n===\n'",
        "line": 12,
        "column": 0,
        "errorLine": ""
      },
      {
        "message": "Unexpected input '[+'",
        "line": 15,
        "column": 0,
        "errorLine": "[+a) ist so hoch wie nie.][@example]"
      },
      {
        "message": "Unexpected input '[-'",
        "line": 16,
        "column": 0,
        "errorLine": "[-b) ist stabil.]"
      },
      {
        "message": "Unexpected input '[-'",
        "line": 17,
        "column": 0,
        "errorLine": "[-c) zeigt einen gesellschaftlichen Umbruch.]"
      },
      {
        "message": "Unexpected input '[-'",
        "line": 20,
        "column": 0,
        "errorLine": "[-a) wohnen auf dem Land.]"
      },
      {
        "message": "Unexpected input '[-'",
        "line": 21,
        "column": 0,
        "errorLine": "[-b) sind überzeugte Junggesellen.]"
      },
      {
        "message": "Unexpected input '[+'",
        "line": 22,
        "column": 0,
        "errorLine": "[+c) kann man in den Großstädten finden.]"
      },
      {
        "message": "Unexpected input '[-'",
        "line": 25,
        "column": 0,
        "errorLine": "[-a) überdurchschnittlich erfolgreich.]"
      },
      {
        "message": "Unexpected input '[+'",
        "line": 26,
        "column": 0,
        "errorLine": "[+b) eher armutsgefährdet als andere Personen.]"
      },
      {
        "message": "Unexpected input '[-'",
        "line": 27,
        "column": 0,
        "errorLine": "[-c) besonders häufig in Führungspositionen zu finden.]"
      },
      {
        "message": "Unexpected input '[-'",
        "line": 30,
        "column": 0,
        "errorLine": "[-a) finden das Singleleben besonders attraktiv.]"
      },
      {
        "message": "Unexpected input '[+'",
        "line": 31,
        "column": 0,
        "errorLine": "[+b) sind heute durch bessere Bildungschancen unabhängiger. ]"
      },
      {
        "message": "Unexpected input '[-'",
        "line": 32,
        "column": 0,
        "errorLine": "[-c) nutzen ihr Singleleben häufiger, um Karriere zu machen.]"
      },
      {
        "message": "Unexpected input '[+'",
        "line": 35,
        "column": 0,
        "errorLine": "[+a) träumen die meisten Deutschen noch immer von der großen Liebe. ]"
      },
      {
        "message": "Unexpected input '[-'",
        "line": 36,
        "column": 0,
        "errorLine": "[-b) steigt die Anzahl der überzeugten Singles.]"
      },
      {
        "message": "Unexpected input '[-'",
        "line": 37,
        "column": 0,
        "errorLine": "[-c) werden viele Menschen mit nur einem Partner glücklich.]"
      },
      {
        "message": "Unexpected input '[+'",
        "line": 40,
        "column": 0,
        "errorLine": "[+a) liegt Deutschland auf Platz zwei.]"
      },
      {
        "message": "Unexpected input '[-'",
        "line": 41,
        "column": 0,
        "errorLine": "[-b) gibt es kaum Unterschiede zwischen den Ländern. ]"
      },
      {
        "message": "Unexpected input '[-'",
        "line": 42,
        "column": 0,
        "errorLine": "[-c) haben Finnland und Dänemark die meisten Singles.]"
      }
    ]
  },
  {
    "bitmark": "[.essay&audio]\n[%A30b]\n[&audio::https://docs.bitbook.education/bit-books/schubert/schubert_erkundungen_b2/web-resources/audio/03_erkundungen_b2_3a.mp3]\n[!Singles in Deutschland\n\nHören Sie das Interview noch einmal. Fassen Sie die wichtigsten Aussagen mündlich oder schriftlich zusammen.]\n\n[@reference: Allein zu Haus. Single als Lebensmodell? Tagesspiegel online, 11.7.2012 (Hanna Gieffers/Matthias Schlegel). In: https://www.tagesspiegel.de/politik]\n||reference not attached to a text?||",
    "bit": {
      "type": "essay",
      "format": "bitmark--",
      "instruction": "",
      "partialAnswer": "",
      "body": "[%A30b]\n[&audio::https://docs.bitbook.education/bit-books/schubert/schubert_erkundungen_b2/web-resources/audio/03_erkundungen_b2_3a.mp3]\n[!Singles in Deutschland\n\nHören Sie das Interview noch einmal. Fassen Sie die wichtigsten Aussagen mündlich oder schriftlich zusammen.]\n\n[@reference: Allein zu Haus. Single als Lebensmodell? Tagesspiegel online, 11.7.2012 (Hanna Gieffers/Matthias Schlegel). In: https://www.tagesspiegel.de/politik]",
      "item": "",
      "hint": "",
      "isExample": false,
      "example": "",
      "resource": {
        "type": "audio",
        "audio": {}
      }
    },
    "errors": [
      {
        "message": "Unexpected input '[%A30b]\\n[&audio::'",
        "line": 3,
        "column": 7,
        "errorLine": "[&audio::https://docs.bitbook.education/bit-books/schubert/schubert_erkundungen_b2/web-resources/audio/03_erkundungen_b2_3a.mp3]"
      },
      {
        "message": "Unexpected input ']'",
        "line": 2,
        "column": 6,
        "errorLine": "[%A30b]"
      },
      {
        "message": "Unexpected input '[&audio'",
        "line": 3,
        "column": 0,
        "errorLine": "[&audio::https://docs.bitbook.education/bit-books/schubert/schubert_erkundungen_b2/web-resources/audio/03_erkundungen_b2_3a.mp3]"
      },
      {
        "message": "Unexpected input ']'",
        "line": 3,
        "column": 127,
        "errorLine": "[&audio::https://docs.bitbook.education/bit-books/schubert/schubert_erkundungen_b2/web-resources/audio/03_erkundungen_b2_3a.mp3]"
      },
      {
        "message": "Unexpected input '[!'",
        "line": 4,
        "column": 0,
        "errorLine": "[!Singles in Deutschland"
      },
      {
        "message": "Unexpected input ']'",
        "line": 6,
        "column": 108,
        "errorLine": "Hören Sie das Interview noch einmal. Fassen Sie die wichtigsten Aussagen mündlich oder schriftlich zusammen.]"
      },
      {
        "message": "Unexpected input '[@reference:'",
        "line": 8,
        "column": 0,
        "errorLine": "[@reference: Allein zu Haus. Single als Lebensmodell? Tagesspiegel online, 11.7.2012 (Hanna Gieffers/Matthias Schlegel). In: https://www.tagesspiegel.de/politik]"
      },
      {
        "message": "Unexpected input ']'",
        "line": 8,
        "column": 160,
        "errorLine": "[@reference: Allein zu Haus. Single als Lebensmodell? Tagesspiegel online, 11.7.2012 (Hanna Gieffers/Matthias Schlegel). In: https://www.tagesspiegel.de/politik]"
      }
    ]
  },
  {
    "bitmark": "[.interview]\n[%A31]\n[!Zahlen über Singles\n\nBilden Sie aus den vorgegebenen Wörtern Sätze. Achten Sie auf eventuell fehlende Präpositionen und den richtigen Kasus.]\n===\n[%◇]Erkenntnisse des Bundesamts für Statistik – rund 15,9 Millionen Menschen – Bundesrepublik – allein – leben[@shortAnswer]\n[@example:Nach Erkenntnissen des Bundesamts für Statistik leben rund 15,9 Millionen Menschen in der Bundesrepublik allein.]\n===\n[%1]das – ein Anstieg der Singlehaushalte – 40 Prozent – bedeuten[@shortAnswer]\n[$Das bedeutet einen Anstieg der Singlehaushalte um 40 Prozent.]\n===\n[%2]Großstädte – zirka ein Drittel der Haushalte – Ein-Personen-Haushalt – sein[@shortAnswer]\n[$In Großstädten sind zirka ein Drittel der Haushalte Ein-Personen-Haushalte.]\n===\n[%3] 60 Prozent der allein lebenden Männer – zwischen 35 und 64 Jahren – echte Junggesellen – sich selbst – bezeichnen[@shortAnswer]\n[$60 Prozent der allein lebenden Männer zwischen 35 und 64 Jahren bezeichnen sich selbst als echte Junggesellen.]\n===\n[%4] allerdings – 17 Prozent der Singles – mittleres Alter – Sozialleistungen – angewiesen sein[@shortAnswer]\n[$Allerdings sind 17 Prozent der Singles in mittlerem Alter auf Sozialleistungen angewiesen.]\n===\n[%5] männliche Singles – 11 Prozent – weniger – nicht allein lebende Männer – arbeiten[@shortAnswer]\n[$Bei männlichen Singles arbeiten 11 Prozent weniger als bei nicht allein lebenden Männern.]\n===\n[%6] weibliche Singles – erfolgreicher sein: – der Anteil an Führungskräften – 17 Prozent – liegen[@shortAnswer]\n[$Weibliche Singles sind erfolgreicher: Der Anteil an Führungskräften liegt bei 17 Prozent.]\n===\n[%7] im Schnitt – jeder Single – zirka 70 Quadratmeter Wohnfläche – Verfügung – stehen[@shortAnswer]\n[$Im Schnitt stehen jedem Single zirka 70 Quadratmeter Wohnfläche zur Verfügung.]\n===\n[%8] Studien zufolge – 66 Prozent der Deutschen – die Liebe fürs Leben – glauben[@shortAnswer]\n[$Studien zufolge glauben 66 Prozent der Deutschen an die Liebe fürs Leben.]\n===",
    "bit": {
      "type": "interview",
      "format": "bitmark--",
      "item": "A31",
      "instruction": "Zahlen über Singles\n\nBilden Sie aus den vorgegebenen Wörtern Sätze. Achten Sie auf eventuell fehlende Präpositionen und den richtigen Kasus.",
      "body": "",
      "footer": "",
      "hint": "",
      "questions": [
        {
          "item": "◇",
          "question": "Erkenntnisse des Bundesamts für Statistik – rund 15,9 Millionen Menschen – Bundesrepublik – allein – leben",
          "instruction": "",
          "hint": "",
          "isExample": true,
          "example": "Nach Erkenntnissen des Bundesamts für Statistik leben rund 15,9 Millionen Menschen in der Bundesrepublik allein.",
          "sampleSolution": "",
          "partialAnswer": "",
          "isShortAnswer": true
        },
        {
          "item": "1",
          "question": "das – ein Anstieg der Singlehaushalte – 40 Prozent – bedeuten",
          "instruction": "",
          "hint": "",
          "isExample": false,
          "example": "",
          "sampleSolution": "Das bedeutet einen Anstieg der Singlehaushalte um 40 Prozent.",
          "partialAnswer": "",
          "isShortAnswer": true
        },
        {
          "item": "2",
          "question": "Großstädte – zirka ein Drittel der Haushalte – Ein-Personen-Haushalt – sein",
          "instruction": "",
          "hint": "",
          "isExample": false,
          "example": "",
          "sampleSolution": "In Großstädten sind zirka ein Drittel der Haushalte Ein-Personen-Haushalte.",
          "partialAnswer": "",
          "isShortAnswer": true
        },
        {
          "item": "3",
          "question": "60 Prozent der allein lebenden Männer – zwischen 35 und 64 Jahren – echte Junggesellen – sich selbst – bezeichnen",
          "instruction": "",
          "hint": "",
          "isExample": false,
          "example": "",
          "sampleSolution": "60 Prozent der allein lebenden Männer zwischen 35 und 64 Jahren bezeichnen sich selbst als echte Junggesellen.",
          "partialAnswer": "",
          "isShortAnswer": true
        },
        {
          "item": "4",
          "question": "allerdings – 17 Prozent der Singles – mittleres Alter – Sozialleistungen – angewiesen sein",
          "instruction": "",
          "hint": "",
          "isExample": false,
          "example": "",
          "sampleSolution": "Allerdings sind 17 Prozent der Singles in mittlerem Alter auf Sozialleistungen angewiesen.",
          "partialAnswer": "",
          "isShortAnswer": true
        },
        {
          "item": "5",
          "question": "männliche Singles – 11 Prozent – weniger – nicht allein lebende Männer – arbeiten",
          "instruction": "",
          "hint": "",
          "isExample": false,
          "example": "",
          "sampleSolution": "Bei männlichen Singles arbeiten 11 Prozent weniger als bei nicht allein lebenden Männern.",
          "partialAnswer": "",
          "isShortAnswer": true
        },
        {
          "item": "6",
          "question": "weibliche Singles – erfolgreicher sein: – der Anteil an Führungskräften – 17 Prozent – liegen",
          "instruction": "",
          "hint": "",
          "isExample": false,
          "example": "",
          "sampleSolution": "Weibliche Singles sind erfolgreicher: Der Anteil an Führungskräften liegt bei 17 Prozent.",
          "partialAnswer": "",
          "isShortAnswer": true
        },
        {
          "item": "7",
          "question": "im Schnitt – jeder Single – zirka 70 Quadratmeter Wohnfläche – Verfügung – stehen",
          "instruction": "",
          "hint": "",
          "isExample": false,
          "example": "",
          "sampleSolution": "Im Schnitt stehen jedem Single zirka 70 Quadratmeter Wohnfläche zur Verfügung.",
          "partialAnswer": "",
          "isShortAnswer": true
        },
        {
          "item": "8",
          "question": "Studien zufolge – 66 Prozent der Deutschen – die Liebe fürs Leben – glauben",
          "instruction": "",
          "hint": "",
          "isExample": false,
          "example": "",
          "sampleSolution": "Studien zufolge glauben 66 Prozent der Deutschen an die Liebe fürs Leben.",
          "partialAnswer": "",
          "isShortAnswer": true
        }
      ]
    }
  },
  {
    "bitmark": "[.chapter]\n[##Teil B (fakultativ)]",
    "bit": {
      "type": "chapter",
      "format": "bitmark--",
      "body": "",
      "item": "",
      "hint": "",
      "isExample": false,
      "example": "",
      "level": 2,
      "progress": true,
      "toc": true,
      "title": "Teil B (fakultativ)"
    }
  },
  {
    "bitmark": "[.chapter]\n[###Außergewöhnliche Menschen]\n[@leave.context:]\n[@leave.subject:Außergewöhnliche Menschen]",
    "bit": {
      "type": "chapter",
      "format": "bitmark--",
      "body": "",
      "item": "",
      "hint": "",
      "isExample": false,
      "example": "",
      "level": 3,
      "progress": true,
      "toc": true,
      "title": "Außergewöhnliche Menschen",
      "leave.context": [
        "undefined"
      ],
      "leave.subject": [
        "Außergewöhnliche Menschen"
      ]
    },
    "errors": [
      {
        "message": "Rule violation around ']'",
        "line": 3,
        "column": 16,
        "errorLine": "[@leave.context:]"
      }
    ]
  },
  {
    "bitmark": "[.essay&article:bitmark++]\n[%B1]\n[!Die Helden der Deutschen\n\nDie Zeitschrift DER SPIEGEL beauftragte ein demoskopisches Institut, in einer Umfrage herauszufinden, welcher Deutsche den bedeutendsten Beitrag zur Entwicklung der Menschheit geleistet hat.\nErstellen Sie zuerst selbst in Gruppen- oder Einzelarbeit eine Rangliste der BESTEN DREI und erklären Sie Ihre Wahl.\n\nHier sind die Kandidaten:]\n\n[@reference: Die Helden der Deutschen. Der SPIEGEL 52/1999.]\n\n[&article:\n**Albert Einstein**\nEinstein revolutionierte die Physik. Er entwickelte die Relativitätstheorie und die einheitliche Feldtheorie. Den Nobelpreis bekam er 1921 für seine Deutung des Fotoeffekts.\nDer Mediziner entdeckte 1882 den Erreger der Tuberkulose mit einer neuen Färbemethode unter dem Mikroskop. Der Kampf gegen die Seuche konnte beginnen. 1905 erhielt er dafür den Nobelpreis.\n\n**Max Planck**\nMax Planck leistete mit seiner Quantentheorie einen grundlegenden Beitrag zur Entwicklung der Physik. 1918 erhielt er dafür den Nobelpreis.\n\n**Wilhelm Conrad Röntgen**\nRöntgen entdeckte die X-Strahlen (die später nach ihm als Röntgenstrahlen bezeichnet wurden). 1895 wendete er sie erstmals zur Durchleuchtung der Hand seiner Frau an und setzte so mit der Röntgenfotografie einen Meilenstein in der Entwicklung der Medizin. 1901 wurde er dafür mit dem Nobelpreis ausgezeichnet.\n\n**Johannes Gutenberg**\nGutenberg erfand im Jahre 1440 den Buchdruck mit beweglichen Lettern. Bis dahin brauchte ein Mönch Jahre, um eine einzige Bibel herzustellen. Gutenberg brachte es im gleichen Zeitraum auf 80 Bibeln.\n\n**Martin Luther**\nMartin Luther übersetzte die Bibel ins Deutsche (1522 das Neue Testament, 1534 die gesamte Bibel) und schuf mit dieser Übersetzung die Grundlage des Hochdeutschen als gemeinsamer Sprache der Deutschen. Außerdem reformierte er mit seinen Reformationsschriften die Kirche.\n\n**Johann Wolfgang v. Goethe**\nGoethe gilt bis heute als das Genie der deutschen Literatur. Höhepunkt seines Schaffens ist sein 1808 veröffentlichtes Theaterstück „Faust I“.\n\n**Robert Koch**\nDer Mediziner entdeckte 1882 den Erreger der Tuberkulose mit einer neuen Färbemethode unter dem Mikroskop. Der Kampf gegen die Seuche konnte beginnen. 1905 erhielt er dafür den Nobelpreis.\n\n**Karl Marx**\nMarx schrieb mit seinem „Kapital“ die klassische Theorie des Geldes und mit dem Pamphlet „Das kommunistische Manifest“ legte er den theoretischen Grundstein für den Kommunismus.\n\n**Helmut Kohl**\nKohl wurde als Kanzler der deutschen Wiedervereinigung (1990) gefeiert. Allerdings schadeten ungeklärte Geldgeschäfte während seiner Regierungszeit seinem Ansehen.\n\n**Albert Schweitzer**\n1952 wurde der Mediziner mit dem Friedensnobelpreis für sein jahrelanges Wirken in der Urwaldkrankenstation Lambaréné geehrt.\n\n**Ludwig van Beethoven**\nDer schwerhörige Musiker komponierte zu  Beginn des 19. Jahrhunderts meisterhafte Sinfonien.\n\n**Otto von Bismarck**\nBismarck gründete 1871 das Deutsche Reich und führte eine Sozialversicherung für Arbeiter ein.\n\n**Nikolaus Kopernikus**\n1543 veröffentlichte Kopernikus seine Erkenntnis, dass nicht die Erde im Mittelpunkt der Welt steht und alles um sie kreist, sondern die Sonne. Damit wurde das geozentrische Weltbild durch das heliozentrische abgelöst.\n*An der müßigen Diskussion, ob Kopernikus\nPole oder Deutscher war, wollen wir uns nicht beteiligen.\nZu seiner Zeit existierten Nationalstaaten im heutigen Sinne noch nicht.\n]\n\n||images are separate, should be addapted /ich denke wir sollten Schubert vorschlagen, hier zu jedem Kandidaten ein Bild zu ergänzen und dafür bei B2 auf die Bilder von Gutenberg und Bismarck zu verzichten, siehe auch die Anmerkung zu B2||",
    "bit": {
      "type": "essay",
      "format": "bitmark++",
      "instruction": "Die Helden der Deutschen\n\nDie Zeitschrift DER SPIEGEL beauftragte ein demoskopisches Institut, in einer Umfrage herauszufinden, welcher Deutsche den bedeutendsten Beitrag zur Entwicklung der Menschheit geleistet hat.\nErstellen Sie zuerst selbst in Gruppen- oder Einzelarbeit eine Rangliste der BESTEN DREI und erklären Sie Ihre Wahl.\n\nHier sind die Kandidaten:",
      "partialAnswer": "",
      "body": "",
      "item": "B1",
      "hint": "",
      "isExample": false,
      "example": "",
      "reference": [
        "Die Helden der Deutschen. Der SPIEGEL 52/1999."
      ],
      "resource": {
        "type": "article",
        "article": {
          "format": "",
          "href": "",
          "body": "**Albert Einstein**\nEinstein revolutionierte die Physik. Er entwickelte die Relativitätstheorie und die einheitliche Feldtheorie. Den Nobelpreis bekam er 1921 für seine Deutung des Fotoeffekts.\nDer Mediziner entdeckte 1882 den Erreger der Tuberkulose mit einer neuen Färbemethode unter dem Mikroskop. Der Kampf gegen die Seuche konnte beginnen. 1905 erhielt er dafür den Nobelpreis.\n\n**Max Planck**\nMax Planck leistete mit seiner Quantentheorie einen grundlegenden Beitrag zur Entwicklung der Physik. 1918 erhielt er dafür den Nobelpreis.\n\n**Wilhelm Conrad Röntgen**\nRöntgen entdeckte die X-Strahlen (die später nach ihm als Röntgenstrahlen bezeichnet wurden). 1895 wendete er sie erstmals zur Durchleuchtung der Hand seiner Frau an und setzte so mit der Röntgenfotografie einen Meilenstein in der Entwicklung der Medizin. 1901 wurde er dafür mit dem Nobelpreis ausgezeichnet.\n\n**Johannes Gutenberg**\nGutenberg erfand im Jahre 1440 den Buchdruck mit beweglichen Lettern. Bis dahin brauchte ein Mönch Jahre, um eine einzige Bibel herzustellen. Gutenberg brachte es im gleichen Zeitraum auf 80 Bibeln.\n\n**Martin Luther**\nMartin Luther übersetzte die Bibel ins Deutsche (1522 das Neue Testament, 1534 die gesamte Bibel) und schuf mit dieser Übersetzung die Grundlage des Hochdeutschen als gemeinsamer Sprache der Deutschen. Außerdem reformierte er mit seinen Reformationsschriften die Kirche.\n\n**Johann Wolfgang v. Goethe**\nGoethe gilt bis heute als das Genie der deutschen Literatur. Höhepunkt seines Schaffens ist sein 1808 veröffentlichtes Theaterstück „Faust I“.\n\n**Robert Koch**\nDer Mediziner entdeckte 1882 den Erreger der Tuberkulose mit einer neuen Färbemethode unter dem Mikroskop. Der Kampf gegen die Seuche konnte beginnen. 1905 erhielt er dafür den Nobelpreis.\n\n**Karl Marx**\nMarx schrieb mit seinem „Kapital“ die klassische Theorie des Geldes und mit dem Pamphlet „Das kommunistische Manifest“ legte er den theoretischen Grundstein für den Kommunismus.\n\n**Helmut Kohl**\nKohl wurde als Kanzler der deutschen Wiedervereinigung (1990) gefeiert. Allerdings schadeten ungeklärte Geldgeschäfte während seiner Regierungszeit seinem Ansehen.\n\n**Albert Schweitzer**\n1952 wurde der Mediziner mit dem Friedensnobelpreis für sein jahrelanges Wirken in der Urwaldkrankenstation Lambaréné geehrt.\n\n**Ludwig van Beethoven**\nDer schwerhörige Musiker komponierte zu  Beginn des 19. Jahrhunderts meisterhafte Sinfonien.\n\n**Otto von Bismarck**\nBismarck gründete 1871 das Deutsche Reich und führte eine Sozialversicherung für Arbeiter ein.\n\n**Nikolaus Kopernikus**\n1543 veröffentlichte Kopernikus seine Erkenntnis, dass nicht die Erde im Mittelpunkt der Welt steht und alles um sie kreist, sondern die Sonne. Damit wurde das geozentrische Weltbild durch das heliozentrische abgelöst.\n*An der müßigen Diskussion, ob Kopernikus\nPole oder Deutscher war, wollen wir uns nicht beteiligen.\nZu seiner Zeit existierten Nationalstaaten im heutigen Sinne noch nicht."
        }
      }
    }
  },
  {
    "bitmark": "[.essay&image]\n||ich denke wir sollten Schubert vorschlagen, hier nur das Bild “Umfrage” aufzuführen, siehe auch die Anmerkung zu B1||\n[%B2]\n[!Vergleichen Sie Ihre persönliche Reihenfolge mit der Wahl der deutschen Umfrageteilnehmer.]\n[&image::https://docs.bitbook.education/bit-books/schubert/schubert_erkundungen_b2/web-resources/images/014-2b.jpg]\n[&image::https://docs.bitbook.education/bit-books/schubert/schubert_erkundungen_b2/web-resources/images/otto_von_bismarck.jpg]\n||no graphic||",
    "bit": {
      "type": "essay",
      "format": "bitmark--",
      "instruction": "Vergleichen Sie Ihre persönliche Reihenfolge mit der Wahl der deutschen Umfrageteilnehmer.",
      "partialAnswer": "",
      "body": "https://docs.bitbook.education/bit-books/schubert/schubert_erkundungen_b2/web-resources/images/014-2b.jpg]\nhttps://docs.bitbook.education/bit-books/schubert/schubert_erkundungen_b2/web-resources/images/otto_von_bismarck.jpg]",
      "item": "B2",
      "hint": "",
      "isExample": false,
      "example": "",
      "resource": {
        "type": "&image",
        "image": {
          "src": ":",
          "showInIndex": false,
          "format": ":",
          "width": null,
          "height": null,
          "alt": "",
          "caption": "",
          "license": "",
          "copyright": ""
        }
      }
    },
    "errors": [
      {
        "message": "Rule violation around '::'",
        "line": 5,
        "column": 7,
        "errorLine": "[&image::https://docs.bitbook.education/bit-books/schubert/schubert_erkundungen_b2/web-resources/images/014-2b.jpg]"
      },
      {
        "message": "Unexpected input ']'",
        "line": 5,
        "column": 114,
        "errorLine": "[&image::https://docs.bitbook.education/bit-books/schubert/schubert_erkundungen_b2/web-resources/images/014-2b.jpg]"
      },
      {
        "message": "Unexpected input '[&image'",
        "line": 6,
        "column": 0,
        "errorLine": "[&image::https://docs.bitbook.education/bit-books/schubert/schubert_erkundungen_b2/web-resources/images/otto_von_bismarck.jpg]"
      },
      {
        "message": "Unexpected input ']'",
        "line": 6,
        "column": 125,
        "errorLine": "[&image::https://docs.bitbook.education/bit-books/schubert/schubert_erkundungen_b2/web-resources/images/otto_von_bismarck.jpg]"
      }
    ]
  }
]