[
  {
    "bitmark": "[.essay:bitmark++&article:bitmark++]\n[%A7]\n[!Angebote vergleichen\n\nSie suchen in Berlin eine Zweizimmerwohnung und haben im Internet zwei Mietangebote gefunden. Vergleichen Sie die Wohnungen miteinander und nennen Sie Vor- und Nachteile. Entscheiden Sie sich am Ende für eine Wohnung. Arbeiten Sie zu zweit.]\n\n\n::info::\n**Redemittel**\n* Als Vorteil/Nachteil würde ich ansehen/betrachten, dass ...\n* Einer der wichtigsten Vorteile/ positiven Aspekte der Wohnung ist ...\n* ... würde mich stören.\n::\n\n[&article:\n[&image::https://docs.bitbook.education/bit-books/schubert/schubert_erkundungen_b2/web-resources/images/616701_original_r_k_by_pogobuschel_pixelio.de.jpg]\n[&image::https://docs.bitbook.education/bit-books/schubert/schubert_erkundungen_b2/web-resources/images/587550_original_r_by_andreas_hermsdorf_pixelio.de.jpg]\n\n\n**Berlin-Mitte\nModernes Komfortapartment in der Charlottenstraße mit Südwest-Balkon\nKaltmiete:**\t787 Euro\n**Nebenkosten:**\t142 Euro\n**Heizkosten:**\t69 Euro\n**Gesamtmiete:**\t998 Euro Miete für Garage: 80 Euro Kaution:\t3 Monatsmieten\n**Zimmer:**\t2\n**Schlafzimmer:**\t1\n**Bad:**\t1\n**Balkon:**\tSüdwest\n**Einbauküche:**\tja\n**Etage:**\t2\n**m² Fläche:**\t63\n**bezugsfrei:**\tab sofort\n**Baujahr:**\t2000\n**Objektzustand:**\tvollständig renoviert\n**Qualität der Ausstattung:** gehoben (Parkett, Einbauküche mit Markengeräten)\n**Heizungsart:** Zentralheizung (Fußbodenheizung)\n**Lage:** zentral, nur wenige Gehminuten bis zur Staatsoper und zu Szenerestaurants, U-Bahn-Station Kochstraße\n\n\n\n**Berlin-Wedding\nPlatz für 2 am Humboldthain! Erstbezug nach Sanierung!\nKaltmiete:**\t420 Euro\n**Nebenkosten:**\t119 Euro\n**Heizkosten:**\t60 Euro\n**Gesamtmiete:**\t599 Euro\n**Kaution:**\t1260 Euro\n**Zimmer:**\t2\n**Schlafzimmer:**\t1\n**Bad:**\t1\n**Balkon:**\tja\n**Etage:**\t3\n**m² Fläche:**\t52\n**bezugsfrei:**\tab sofort\n**Baujahr:**\t1956\n**Objektzustand:**\tsaniert 2015 \n**Qualität der Ausstattung:** normal \n**Heizungsart:** Zentralheizung\n**Lage:** zwischen den Bahnhöfen Humboldthain und Gesundbrunnen, in unmittelbarer Nähe des Volksparks Humboldthain, Anbindung: S-Bahn S41, 42 und S1, U-Bahn U8, diverse Buslinien",
    "bit": {
      "type": "essay",
      "format": "bitmark++",
      "instruction": "Angebote vergleichen\n\nSie suchen in Berlin eine Zweizimmerwohnung und haben im Internet zwei Mietangebote gefunden. Vergleichen Sie die Wohnungen miteinander und nennen Sie Vor- und Nachteile. Entscheiden Sie sich am Ende für eine Wohnung. Arbeiten Sie zu zweit.",
      "partialAnswer": "",
      "body": "::info::\n**Redemittel**\n* Als Vorteil/Nachteil würde ich ansehen/betrachten, dass ...\n* Einer der wichtigsten Vorteile/ positiven Aspekte der Wohnung ist ...\n* ... würde mich stören.\n::\n\n[&article:\n[&image::https://docs.bitbook.education/bit-books/schubert/schubert_erkundungen_b2/web-resources/images/616701_original_r_k_by_pogobuschel_pixelio.de.jpg]\n[&image::https://docs.bitbook.education/bit-books/schubert/schubert_erkundungen_b2/web-resources/images/587550_original_r_by_andreas_hermsdorf_pixelio.de.jpg]\n\n\n**Berlin-Mitte\nModernes Komfortapartment in der Charlottenstraße mit Südwest-Balkon\nKaltmiete:**\t787 Euro\n**Nebenkosten:**\t142 Euro\n**Heizkosten:**\t69 Euro\n**Gesamtmiete:**\t998 Euro Miete für Garage: 80 Euro Kaution:\t3 Monatsmieten\n**Zimmer:**\t2\n**Schlafzimmer:**\t1\n**Bad:**\t1\n**Balkon:**\tSüdwest\n**Einbauküche:**\tja\n**Etage:**\t2\n**m² Fläche:**\t63\n**bezugsfrei:**\tab sofort\n**Baujahr:**\t2000\n**Objektzustand:**\tvollständig renoviert\n**Qualität der Ausstattung:** gehoben (Parkett, Einbauküche mit Markengeräten)\n**Heizungsart:** Zentralheizung (Fußbodenheizung)\n**Lage:** zentral, nur wenige Gehminuten bis zur Staatsoper und zu Szenerestaurants, U-Bahn-Station Kochstraße\n\n\n\n**Berlin-Wedding\nPlatz für 2 am Humboldthain! Erstbezug nach Sanierung!\nKaltmiete:**\t420 Euro\n**Nebenkosten:**\t119 Euro\n**Heizkosten:**\t60 Euro\n**Gesamtmiete:**\t599 Euro\n**Kaution:**\t1260 Euro\n**Zimmer:**\t2\n**Schlafzimmer:**\t1\n**Bad:**\t1\n**Balkon:**\tja\n**Etage:**\t3\n**m² Fläche:**\t52\n**bezugsfrei:**\tab sofort\n**Baujahr:**\t1956\n**Objektzustand:**\tsaniert 2015 \n**Qualität der Ausstattung:** normal \n**Heizungsart:** Zentralheizung\n**Lage:** zwischen den Bahnhöfen Humboldthain und Gesundbrunnen, in unmittelbarer Nähe des Volksparks Humboldthain, Anbindung: S-Bahn S41, 42 und S1, U-Bahn U8, diverse Buslinien",
      "item": "A7",
      "hint": "",
      "isExample": false,
      "example": ""
    },
    "errors": [
      {
        "message": "Unexpected input '[&article:\\n[&image::https://docs.bitbook.education/bit-books/schubert/schubert_erkundungen_b2/web-resources/images/616701_original_r_k_by_pogobuschel_pixelio.de.jpg]\n[&image::'",
        "line": 17,
        "column": 7,
        "errorLine": "[&image::https://docs.bitbook.education/bit-books/schubert/schubert_erkundungen_b2/web-resources/images/587550_original_r_by_andreas_hermsdorf_pixelio.de.jpg]"
      },
      {
        "message": "Unexpected input '[&image'",
        "line": 17,
        "column": 0,
        "errorLine": "[&image::https://docs.bitbook.education/bit-books/schubert/schubert_erkundungen_b2/web-resources/images/587550_original_r_by_andreas_hermsdorf_pixelio.de.jpg]"
      },
      {
        "message": "Unexpected input ']'",
        "line": 17,
        "column": 157,
        "errorLine": "[&image::https://docs.bitbook.education/bit-books/schubert/schubert_erkundungen_b2/web-resources/images/587550_original_r_by_andreas_hermsdorf_pixelio.de.jpg]"
      }
    ]
  }
]