[
  {
    "bitmark": "[.self-assessment]\n[%D2]\n[!Evaluation\n\nÜberprüfen Sie sich selbst.]\n===\nIch kann Texte zum Thema Wohnen in Deutschland verstehen.\n[•gut ]\n[•nicht so gut]\n===\nIch kann meine persönliche Wohnsituation und die allgemeine Wohnsituation in meinem Heimatland beschreiben.\n[•gut ]\n[•nicht so gut]\n===\nIch kann mich zu verschiedenen Wohnformen und Wohnbedingungen mündlich und schriftlich äußern und meine Ansichten begründen.\n[•gut ]\n[•nicht so gut]\n===\nIch kann Wohnungsangebote auf Websites verstehen, vergleichen und darauf reagieren.\n[•gut ]\n[•nicht so gut]\n===\nIch kann allgemeine Informationen über Städte und detaillierte Informationen bei einer Stadtführung verstehen und über Städte, die ich kenne, berichten.\n[•gut ]\n[•nicht so gut]\n===\nIch kann Texte zum Thema Reisen verstehen, mich nach allem Wissenswerten bei einer Reise erkundigen und über eigene Reisen ausführlich berichten.\n[•gut ]\n[•nicht so gut]\n===\nIch kann über das Thema Ärger im Urlaub sprechen und eine Beschwerde formulieren. Ich kann Texte zum Thema Reiserecht verstehen und eine E-Mail an eine Fluggesellschaft schreiben.\n[•gut ]\n[•nicht so gut]\n===\nIch kann ausführlichere Texte über Hotels verstehen, Hotelbeschreibungen wiedergeben und eine Hotelauswahl begründen. (fakultativ)\n[•gut ]\n[•nicht so gut]\n===",
    "bit": {
      "type": "self-assessment",
      "format": "bitmark--",
      "body": "===\nIch kann Texte zum Thema Wohnen in Deutschland verstehen.\n\n\n===\nIch kann meine persönliche Wohnsituation und die allgemeine Wohnsituation in meinem Heimatland beschreiben.\n\n\n===\nIch kann mich zu verschiedenen Wohnformen und Wohnbedingungen mündlich und schriftlich äußern und meine Ansichten begründen.\n\n\n===\nIch kann Wohnungsangebote auf Websites verstehen, vergleichen und darauf reagieren.\n\n\n===\nIch kann allgemeine Informationen über Städte und detaillierte Informationen bei einer Stadtführung verstehen und über Städte, die ich kenne, berichten.\n\n\n===\nIch kann Texte zum Thema Reisen verstehen, mich nach allem Wissenswerten bei einer Reise erkundigen und über eigene Reisen ausführlich berichten.\n\n\n===\nIch kann über das Thema Ärger im Urlaub sprechen und eine Beschwerde formulieren. Ich kann Texte zum Thema Reiserecht verstehen und eine E-Mail an eine Fluggesellschaft schreiben.\n\n\n===\nIch kann ausführlichere Texte über Hotels verstehen, Hotelbeschreibungen wiedergeben und eine Hotelauswahl begründen. (fakultativ)\n\n\n===",
      "item": "D2",
      "hint": "",
      "isExample": false,
      "example": "",
      "instruction": "Evaluation\n\nÜberprüfen Sie sich selbst.",
      "bullet": [
        "gut",
        "nicht so gut",
        "gut",
        "nicht so gut",
        "gut",
        "nicht so gut",
        "gut",
        "nicht so gut",
        "gut",
        "nicht so gut",
        "gut",
        "nicht so gut",
        "gut",
        "nicht so gut",
        "gut",
        "nicht so gut"
      ]
    }
  }
]