[
  {
    "bitmark": "[.cloze][%clm0]I am coffee toast[_cloze][!ðŸ˜„ðŸ˜„noun ain hint for the second gap][?1 or 2]  [_gap text][!verb]",
    "bit": {
      "type": "cloze",
      "format": "bitmark--",
      "body": "I am coffee toast{0}  {1}",
      "item": "clm0",
      "hint": "",
      "isExample": false,
      "example": "",
      "placeholders": {
        "{0}": {
          "type": "gap",
          "item": "",
          "solutions": [
            "cloze"
          ],
          "hint": "1 or 2",
          "instruction": "ðŸ˜„ðŸ˜„noun ain hint for the second gap",
          "isCaseSensitive": true,
          "isExample": false,
          "example": ""
        },
        "{1}": {
          "type": "gap",
          "item": "",
          "solutions": [
            "gap text"
          ],
          "hint": "",
          "instruction": "verb",
          "isCaseSensitive": true,
          "isExample": false,
          "example": ""
        }
      }
    }
  }
]