[
  {
    "bitmark": "[.cloze-and-multiple-choice-text]\n[!Bilden Sie zusammengesetzte Nomen (Komposita). Geben Sie auch die Artikel an.]\n[%A11]\n[!]\n\n[+der][-die][-das] Vermieter- [--küche][--wohnung][--haus][--betrag][--miete][+-verein][--belag][--frist][--vertrag][--ordnung]\n[-der][+die][-das] Monats- [--küche][--wohnung][--haus][--betrag][+-miete][--verein][--belag][--frist][--vertrag][--ordnung]\n[+der][-die][-das] Fußboden- [--küche][--wohnung][--haus][--betrag][--miete][--verein][+-belag][--frist][--vertrag][--ordnung]\n[-der][+die][-das] Miet-[--küche][+-wohnung][--haus][--betrag][--miete][--verein][--belag][--frist][--vertrag][--ordnung]\n[+der][-die][-das] Miet-[--küche][--wohnung][--haus][--betrag][--miete][--verein][--belag][--frist][+-vertrag][--ordnung]\n[-der][+die][-das] Einbau- [+-küche][--wohnung][--haus][--betrag][--miete][--verein][--belag][--frist][--vertrag][--ordnung]\n[+der][-die][-das] Ablöse- [--küche][--wohnung][--haus][+-betrag][--miete][--verein][--belag][--frist][--vertrag][--ordnung]\n[-der][-die][+das] Treppen- [--küche][--wohnung][+-haus][--betrag][--miete][--verein][--belag][--frist][--vertrag][--ordnung]\n[-der][+die][-das] Haus- [--küche][--wohnung][--haus][--betrag][--miete][--verein][--belag][--frist][--vertrag][+-ordnung]\n[-der][+die][-das] Kündigungs- [--küche][--wohnung][--haus][--betrag][--miete][--verein][--belag][+-frist][--vertrag][--ordnung]",
    "bit": {
      "type": "cloze-and-multiple-choice-text",
      "format": "bitmark--",
      "body": "[!]\n\n{0} Vermieter- {1}\n{2} Monats- {3}\n{4} Fußboden- {5}\n{6} Miet-{7}\n{8} Miet-{9}\n{10}\n{11} Ablöse- {12}\n{13} Treppen- {14}\n{15} Haus- {16}\n{17} Kündigungs- {18}",
      "placeholders": {
        "{0}": {
          "type": "select",
          "item": "",
          "options": [
            {
              "text": "der",
              "hint": "",
              "isCorrect": true
            },
            {
              "text": "die",
              "hint": "",
              "isCorrect": false
            },
            {
              "text": "das",
              "hint": "",
              "isCorrect": false
            }
          ],
          "prefix": "",
          "postfix": "",
          "hint": "",
          "instruction": "",
          "isExample": false,
          "example": ""
        },
        "{1}": {
          "type": "select",
          "item": "",
          "options": [
            {
              "text": "-küche",
              "hint": "",
              "isCorrect": false
            },
            {
              "text": "-wohnung",
              "hint": "",
              "isCorrect": false
            },
            {
              "text": "-haus",
              "hint": "",
              "isCorrect": false
            },
            {
              "text": "-betrag",
              "hint": "",
              "isCorrect": false
            },
            {
              "text": "-miete",
              "hint": "",
              "isCorrect": false
            },
            {
              "text": "-belag",
              "hint": "",
              "isCorrect": false
            },
            {
              "text": "-frist",
              "hint": "",
              "isCorrect": false
            },
            {
              "text": "-vertrag",
              "hint": "",
              "isCorrect": false
            },
            {
              "text": "-ordnung",
              "hint": "",
              "isCorrect": false
            }
          ],
          "prefix": "",
          "postfix": "",
          "hint": "",
          "instruction": "",
          "isExample": false,
          "example": ""
        },
        "{2}": {
          "type": "select",
          "item": "",
          "options": [
            {
              "text": "der",
              "hint": "",
              "isCorrect": false
            },
            {
              "text": "die",
              "hint": "",
              "isCorrect": true
            },
            {
              "text": "das",
              "hint": "",
              "isCorrect": false
            }
          ],
          "prefix": "",
          "postfix": "",
          "hint": "",
          "instruction": "",
          "isExample": false,
          "example": ""
        },
        "{3}": {
          "type": "select",
          "item": "",
          "options": [
            {
              "text": "-küche",
              "hint": "",
              "isCorrect": false
            },
            {
              "text": "-wohnung",
              "hint": "",
              "isCorrect": false
            },
            {
              "text": "-haus",
              "hint": "",
              "isCorrect": false
            },
            {
              "text": "-betrag",
              "hint": "",
              "isCorrect": false
            },
            {
              "text": "-verein",
              "hint": "",
              "isCorrect": false
            },
            {
              "text": "-belag",
              "hint": "",
              "isCorrect": false
            },
            {
              "text": "-frist",
              "hint": "",
              "isCorrect": false
            },
            {
              "text": "-vertrag",
              "hint": "",
              "isCorrect": false
            },
            {
              "text": "-ordnung",
              "hint": "",
              "isCorrect": false
            }
          ],
          "prefix": "",
          "postfix": "",
          "hint": "",
          "instruction": "",
          "isExample": false,
          "example": ""
        },
        "{4}": {
          "type": "select",
          "item": "",
          "options": [
            {
              "text": "der",
              "hint": "",
              "isCorrect": true
            },
            {
              "text": "die",
              "hint": "",
              "isCorrect": false
            },
            {
              "text": "das",
              "hint": "",
              "isCorrect": false
            }
          ],
          "prefix": "",
          "postfix": "",
          "hint": "",
          "instruction": "",
          "isExample": false,
          "example": ""
        },
        "{5}": {
          "type": "select",
          "item": "",
          "options": [
            {
              "text": "-küche",
              "hint": "",
              "isCorrect": false
            },
            {
              "text": "-wohnung",
              "hint": "",
              "isCorrect": false
            },
            {
              "text": "-haus",
              "hint": "",
              "isCorrect": false
            },
            {
              "text": "-betrag",
              "hint": "",
              "isCorrect": false
            },
            {
              "text": "-miete",
              "hint": "",
              "isCorrect": false
            },
            {
              "text": "-verein",
              "hint": "",
              "isCorrect": false
            },
            {
              "text": "-frist",
              "hint": "",
              "isCorrect": false
            },
            {
              "text": "-vertrag",
              "hint": "",
              "isCorrect": false
            },
            {
              "text": "-ordnung",
              "hint": "",
              "isCorrect": false
            }
          ],
          "prefix": "",
          "postfix": "",
          "hint": "",
          "instruction": "",
          "isExample": false,
          "example": ""
        },
        "{6}": {
          "type": "select",
          "item": "",
          "options": [
            {
              "text": "der",
              "hint": "",
              "isCorrect": false
            },
            {
              "text": "die",
              "hint": "",
              "isCorrect": true
            },
            {
              "text": "das",
              "hint": "",
              "isCorrect": false
            }
          ],
          "prefix": "",
          "postfix": "",
          "hint": "",
          "instruction": "",
          "isExample": false,
          "example": ""
        },
        "{7}": {
          "type": "select",
          "item": "",
          "options": [
            {
              "text": "-küche",
              "hint": "",
              "isCorrect": false
            },
            {
              "text": "-haus",
              "hint": "",
              "isCorrect": false
            },
            {
              "text": "-betrag",
              "hint": "",
              "isCorrect": false
            },
            {
              "text": "-miete",
              "hint": "",
              "isCorrect": false
            },
            {
              "text": "-verein",
              "hint": "",
              "isCorrect": false
            },
            {
              "text": "-belag",
              "hint": "",
              "isCorrect": false
            },
            {
              "text": "-frist",
              "hint": "",
              "isCorrect": false
            },
            {
              "text": "-vertrag",
              "hint": "",
              "isCorrect": false
            },
            {
              "text": "-ordnung",
              "hint": "",
              "isCorrect": false
            }
          ],
          "prefix": "",
          "postfix": "",
          "hint": "",
          "instruction": "",
          "isExample": false,
          "example": ""
        },
        "{8}": {
          "type": "select",
          "item": "",
          "options": [
            {
              "text": "der",
              "hint": "",
              "isCorrect": true
            },
            {
              "text": "die",
              "hint": "",
              "isCorrect": false
            },
            {
              "text": "das",
              "hint": "",
              "isCorrect": false
            }
          ],
          "prefix": "",
          "postfix": "",
          "hint": "",
          "instruction": "",
          "isExample": false,
          "example": ""
        },
        "{9}": {
          "type": "select",
          "item": "",
          "options": [
            {
              "text": "-küche",
              "hint": "",
              "isCorrect": false
            },
            {
              "text": "-wohnung",
              "hint": "",
              "isCorrect": false
            },
            {
              "text": "-haus",
              "hint": "",
              "isCorrect": false
            },
            {
              "text": "-betrag",
              "hint": "",
              "isCorrect": false
            },
            {
              "text": "-miete",
              "hint": "",
              "isCorrect": false
            },
            {
              "text": "-verein",
              "hint": "",
              "isCorrect": false
            },
            {
              "text": "-belag",
              "hint": "",
              "isCorrect": false
            },
            {
              "text": "-frist",
              "hint": "",
              "isCorrect": false
            },
            {
              "text": "-ordnung",
              "hint": "",
              "isCorrect": false
            }
          ],
          "prefix": "",
          "postfix": "",
          "hint": "",
          "instruction": "",
          "isExample": false,
          "example": ""
        },
        "{10}": {
          "type": "select",
          "item": "",
          "options": [
            {
              "text": "der",
              "hint": "",
              "isCorrect": false
            },
            {
              "text": "die",
              "hint": "",
              "isCorrect": true
            },
            {
              "text": "das",
              "hint": "",
              "isCorrect": false
            },
            {
              "text": "-wohnung",
              "hint": "",
              "isCorrect": false
            },
            {
              "text": "-haus",
              "hint": "",
              "isCorrect": false
            },
            {
              "text": "-betrag",
              "hint": "",
              "isCorrect": false
            },
            {
              "text": "-miete",
              "hint": "",
              "isCorrect": false
            },
            {
              "text": "-verein",
              "hint": "",
              "isCorrect": false
            },
            {
              "text": "-belag",
              "hint": "",
              "isCorrect": false
            },
            {
              "text": "-frist",
              "hint": "",
              "isCorrect": false
            },
            {
              "text": "-vertrag",
              "hint": "",
              "isCorrect": false
            },
            {
              "text": "-ordnung",
              "hint": "",
              "isCorrect": false
            }
          ],
          "prefix": "",
          "postfix": "",
          "hint": "",
          "instruction": "",
          "isExample": false,
          "example": ""
        },
        "{11}": {
          "type": "select",
          "item": "",
          "options": [
            {
              "text": "der",
              "hint": "",
              "isCorrect": true
            },
            {
              "text": "die",
              "hint": "",
              "isCorrect": false
            },
            {
              "text": "das",
              "hint": "",
              "isCorrect": false
            }
          ],
          "prefix": "",
          "postfix": "",
          "hint": "",
          "instruction": "",
          "isExample": false,
          "example": ""
        },
        "{12}": {
          "type": "select",
          "item": "",
          "options": [
            {
              "text": "-küche",
              "hint": "",
              "isCorrect": false
            },
            {
              "text": "-wohnung",
              "hint": "",
              "isCorrect": false
            },
            {
              "text": "-haus",
              "hint": "",
              "isCorrect": false
            },
            {
              "text": "-miete",
              "hint": "",
              "isCorrect": false
            },
            {
              "text": "-verein",
              "hint": "",
              "isCorrect": false
            },
            {
              "text": "-belag",
              "hint": "",
              "isCorrect": false
            },
            {
              "text": "-frist",
              "hint": "",
              "isCorrect": false
            },
            {
              "text": "-vertrag",
              "hint": "",
              "isCorrect": false
            },
            {
              "text": "-ordnung",
              "hint": "",
              "isCorrect": false
            }
          ],
          "prefix": "",
          "postfix": "",
          "hint": "",
          "instruction": "",
          "isExample": false,
          "example": ""
        },
        "{13}": {
          "type": "select",
          "item": "",
          "options": [
            {
              "text": "der",
              "hint": "",
              "isCorrect": false
            },
            {
              "text": "die",
              "hint": "",
              "isCorrect": false
            },
            {
              "text": "das",
              "hint": "",
              "isCorrect": true
            }
          ],
          "prefix": "",
          "postfix": "",
          "hint": "",
          "instruction": "",
          "isExample": false,
          "example": ""
        },
        "{14}": {
          "type": "select",
          "item": "",
          "options": [
            {
              "text": "-küche",
              "hint": "",
              "isCorrect": false
            },
            {
              "text": "-wohnung",
              "hint": "",
              "isCorrect": false
            },
            {
              "text": "-betrag",
              "hint": "",
              "isCorrect": false
            },
            {
              "text": "-miete",
              "hint": "",
              "isCorrect": false
            },
            {
              "text": "-verein",
              "hint": "",
              "isCorrect": false
            },
            {
              "text": "-belag",
              "hint": "",
              "isCorrect": false
            },
            {
              "text": "-frist",
              "hint": "",
              "isCorrect": false
            },
            {
              "text": "-vertrag",
              "hint": "",
              "isCorrect": false
            },
            {
              "text": "-ordnung",
              "hint": "",
              "isCorrect": false
            }
          ],
          "prefix": "",
          "postfix": "",
          "hint": "",
          "instruction": "",
          "isExample": false,
          "example": ""
        },
        "{15}": {
          "type": "select",
          "item": "",
          "options": [
            {
              "text": "der",
              "hint": "",
              "isCorrect": false
            },
            {
              "text": "die",
              "hint": "",
              "isCorrect": true
            },
            {
              "text": "das",
              "hint": "",
              "isCorrect": false
            }
          ],
          "prefix": "",
          "postfix": "",
          "hint": "",
          "instruction": "",
          "isExample": false,
          "example": ""
        },
        "{16}": {
          "type": "select",
          "item": "",
          "options": [
            {
              "text": "-küche",
              "hint": "",
              "isCorrect": false
            },
            {
              "text": "-wohnung",
              "hint": "",
              "isCorrect": false
            },
            {
              "text": "-haus",
              "hint": "",
              "isCorrect": false
            },
            {
              "text": "-betrag",
              "hint": "",
              "isCorrect": false
            },
            {
              "text": "-miete",
              "hint": "",
              "isCorrect": false
            },
            {
              "text": "-verein",
              "hint": "",
              "isCorrect": false
            },
            {
              "text": "-belag",
              "hint": "",
              "isCorrect": false
            },
            {
              "text": "-frist",
              "hint": "",
              "isCorrect": false
            },
            {
              "text": "-vertrag",
              "hint": "",
              "isCorrect": false
            }
          ],
          "prefix": "",
          "postfix": "",
          "hint": "",
          "instruction": "",
          "isExample": false,
          "example": ""
        },
        "{17}": {
          "type": "select",
          "item": "",
          "options": [
            {
              "text": "der",
              "hint": "",
              "isCorrect": false
            },
            {
              "text": "die",
              "hint": "",
              "isCorrect": true
            },
            {
              "text": "das",
              "hint": "",
              "isCorrect": false
            }
          ],
          "prefix": "",
          "postfix": "",
          "hint": "",
          "instruction": "",
          "isExample": false,
          "example": ""
        },
        "{18}": {
          "type": "select",
          "item": "",
          "options": [
            {
              "text": "-küche",
              "hint": "",
              "isCorrect": false
            },
            {
              "text": "-wohnung",
              "hint": "",
              "isCorrect": false
            },
            {
              "text": "-haus",
              "hint": "",
              "isCorrect": false
            },
            {
              "text": "-betrag",
              "hint": "",
              "isCorrect": false
            },
            {
              "text": "-miete",
              "hint": "",
              "isCorrect": false
            },
            {
              "text": "-verein",
              "hint": "",
              "isCorrect": false
            },
            {
              "text": "-belag",
              "hint": "",
              "isCorrect": false
            },
            {
              "text": "-vertrag",
              "hint": "",
              "isCorrect": false
            },
            {
              "text": "-ordnung",
              "hint": "",
              "isCorrect": false
            }
          ],
          "prefix": "",
          "postfix": "",
          "hint": "",
          "instruction": "",
          "isExample": false,
          "example": ""
        }
      },
      "instruction": "Bilden Sie zusammengesetzte Nomen (Komposita). Geben Sie auch die Artikel an.",
      "item": "A11"
    }
  }
]