[
  {
    "bitmark": "[.cloze-solution-grouped]\n[%A12b]\n[!Freizeitverhalten \n\nErgänzen Sie in der Textzusammenfassung die fehlenden Nomen. Arbeiten Sie zu zweit.]\n\nBei der neuesten [_Umfrage][@example] über das Freizeitverhalten in Deutschland ließen sich klare [_Trends][%1] feststellen. Der Fernseher ist noch immer die [_Nummer][%2] eins bei den Freizeitbeschäftigungen, aber die mobilen [_Endgeräte][%3] wie Tablets oder Smartphones gewinnen durch den inzwischen flächendeckenden [_Internetzugang][%4] immer mehr an [_Bedeutung][%5]. Viele nutzen die mobilen Geräte in ihrer Freizeit für alle möglichen [_Aktivitäten][%6]: zum Telefonieren mit Verwandten und Freunden, zum Online-Einkauf, zum Spielen, zum Musikhören, zum [_Austausch][%7] von Informationen über die sozialen Medien. \n\nEine [_Folge][%8] der veränderten Mediennutzung ist, dass persönliche [_Treffen][%9] laut Statistik um 25 Prozent zurückgegangen sind. Das ist eine interessante [_Entwicklung][%10], denn bei der Umfrage haben viele Teilnehmer angegeben, dass sie gerne mehr [_Zeit][%11] mit der Familie oder mit Freunden verbringen möchten. Beim Thema Erholung und [_Entspannung][%12] lassen sich auch zwei scheinbar unterschiedliche Tendenzen erkennen, die aber eng zusammengehören. Auf der einen Seite haben viele Menschen [_Angst][%13], etwas zu verpassen, und sind deshalb immer und auf allen medialen Kanälen erreichbar und aktiv, auf der anderen Seite wird das [_Bedürfnis][%14] nach Erholung größer. Auch die stressiger gewordene [_Arbeitswelt][%15] und die fließenden [_Grenzen][%16] von Arbeitszeit und Freizeit führen dazu, dass viele am Wochenende ihre [_Ruhe][%17] haben wollen. Sportliche Aktivitäten liegen unverändert im Trend, denn sie helfen beim [_Stressabbau][%18]. \n\nDer [_Wunsch][%19] nach mehr Flexibilität führt aber auch hier zu [_Veränderungen][%20]. Die Zahl der Menschen, die ein Fitnessstudio besuchen, hat deutlich zugenommen, die [_Mitgliederzahlen][%21] in Sportvereinen sind dagegen gesunken. Wir möchten zwar etwas für unsere [_Gesundheit][%22] und Fitness tun, die Zeit dafür wollen wir aber selbst bestimmen.",
    "bit": {
      "type": "cloze-solution-grouped",
      "format": "bitmark--",
      "body": "Bei der neuesten {0} über das Freizeitverhalten in Deutschland ließen sich klare {1} feststellen. Der Fernseher ist noch immer die {2} eins bei den Freizeitbeschäftigungen, aber die mobilen {3} wie Tablets oder Smartphones gewinnen durch den inzwischen flächendeckenden {4} immer mehr an {5}. Viele nutzen die mobilen Geräte in ihrer Freizeit für alle möglichen {6}: zum Telefonieren mit Verwandten und Freunden, zum Online-Einkauf, zum Spielen, zum Musikhören, zum {7} von Informationen über die sozialen Medien. \n\nEine {8} der veränderten Mediennutzung ist, dass persönliche {9} laut Statistik um 25 Prozent zurückgegangen sind. Das ist eine interessante {10}, denn bei der Umfrage haben viele Teilnehmer angegeben, dass sie gerne mehr {11} mit der Familie oder mit Freunden verbringen möchten. Beim Thema Erholung und {12} lassen sich auch zwei scheinbar unterschiedliche Tendenzen erkennen, die aber eng zusammengehören. Auf der einen Seite haben viele Menschen {13}, etwas zu verpassen, und sind deshalb immer und auf allen medialen Kanälen erreichbar und aktiv, auf der anderen Seite wird das {14} nach Erholung größer. Auch die stressiger gewordene {15} und die fließenden {16} von Arbeitszeit und Freizeit führen dazu, dass viele am Wochenende ihre {17} haben wollen. Sportliche Aktivitäten liegen unverändert im Trend, denn sie helfen beim {18}. \n\nDer {19} nach mehr Flexibilität führt aber auch hier zu {20}. Die Zahl der Menschen, die ein Fitnessstudio besuchen, hat deutlich zugenommen, die {21} in Sportvereinen sind dagegen gesunken. Wir möchten zwar etwas für unsere {22} und Fitness tun, die Zeit dafür wollen wir aber selbst bestimmen.",
      "item": "A12b",
      "hint": "",
      "isExample": false,
      "example": "",
      "instruction": "Freizeitverhalten \n\nErgänzen Sie in der Textzusammenfassung die fehlenden Nomen. Arbeiten Sie zu zweit.",
      "placeholders": {
        "{0}": {
          "type": "gap",
          "item": "",
          "solutions": [
            "Umfrage"
          ],
          "hint": "",
          "instruction": "",
          "isCaseSensitive": true,
          "isExample": true,
          "example": ""
        },
        "{1}": {
          "type": "gap",
          "item": "1",
          "solutions": [
            "Trends"
          ],
          "hint": "",
          "instruction": "",
          "isCaseSensitive": true,
          "isExample": false,
          "example": ""
        },
        "{2}": {
          "type": "gap",
          "item": "2",
          "solutions": [
            "Nummer"
          ],
          "hint": "",
          "instruction": "",
          "isCaseSensitive": true,
          "isExample": false,
          "example": ""
        },
        "{3}": {
          "type": "gap",
          "item": "3",
          "solutions": [
            "Endgeräte"
          ],
          "hint": "",
          "instruction": "",
          "isCaseSensitive": true,
          "isExample": false,
          "example": ""
        },
        "{4}": {
          "type": "gap",
          "item": "4",
          "solutions": [
            "Internetzugang"
          ],
          "hint": "",
          "instruction": "",
          "isCaseSensitive": true,
          "isExample": false,
          "example": ""
        },
        "{5}": {
          "type": "gap",
          "item": "5",
          "solutions": [
            "Bedeutung"
          ],
          "hint": "",
          "instruction": "",
          "isCaseSensitive": true,
          "isExample": false,
          "example": ""
        },
        "{6}": {
          "type": "gap",
          "item": "6",
          "solutions": [
            "Aktivitäten"
          ],
          "hint": "",
          "instruction": "",
          "isCaseSensitive": true,
          "isExample": false,
          "example": ""
        },
        "{7}": {
          "type": "gap",
          "item": "7",
          "solutions": [
            "Austausch"
          ],
          "hint": "",
          "instruction": "",
          "isCaseSensitive": true,
          "isExample": false,
          "example": ""
        },
        "{8}": {
          "type": "gap",
          "item": "8",
          "solutions": [
            "Folge"
          ],
          "hint": "",
          "instruction": "",
          "isCaseSensitive": true,
          "isExample": false,
          "example": ""
        },
        "{9}": {
          "type": "gap",
          "item": "9",
          "solutions": [
            "Treffen"
          ],
          "hint": "",
          "instruction": "",
          "isCaseSensitive": true,
          "isExample": false,
          "example": ""
        },
        "{10}": {
          "type": "gap",
          "item": "10",
          "solutions": [
            "Entwicklung"
          ],
          "hint": "",
          "instruction": "",
          "isCaseSensitive": true,
          "isExample": false,
          "example": ""
        },
        "{11}": {
          "type": "gap",
          "item": "11",
          "solutions": [
            "Zeit"
          ],
          "hint": "",
          "instruction": "",
          "isCaseSensitive": true,
          "isExample": false,
          "example": ""
        },
        "{12}": {
          "type": "gap",
          "item": "12",
          "solutions": [
            "Entspannung"
          ],
          "hint": "",
          "instruction": "",
          "isCaseSensitive": true,
          "isExample": false,
          "example": ""
        },
        "{13}": {
          "type": "gap",
          "item": "13",
          "solutions": [
            "Angst"
          ],
          "hint": "",
          "instruction": "",
          "isCaseSensitive": true,
          "isExample": false,
          "example": ""
        },
        "{14}": {
          "type": "gap",
          "item": "14",
          "solutions": [
            "Bedürfnis"
          ],
          "hint": "",
          "instruction": "",
          "isCaseSensitive": true,
          "isExample": false,
          "example": ""
        },
        "{15}": {
          "type": "gap",
          "item": "15",
          "solutions": [
            "Arbeitswelt"
          ],
          "hint": "",
          "instruction": "",
          "isCaseSensitive": true,
          "isExample": false,
          "example": ""
        },
        "{16}": {
          "type": "gap",
          "item": "16",
          "solutions": [
            "Grenzen"
          ],
          "hint": "",
          "instruction": "",
          "isCaseSensitive": true,
          "isExample": false,
          "example": ""
        },
        "{17}": {
          "type": "gap",
          "item": "17",
          "solutions": [
            "Ruhe"
          ],
          "hint": "",
          "instruction": "",
          "isCaseSensitive": true,
          "isExample": false,
          "example": ""
        },
        "{18}": {
          "type": "gap",
          "item": "18",
          "solutions": [
            "Stressabbau"
          ],
          "hint": "",
          "instruction": "",
          "isCaseSensitive": true,
          "isExample": false,
          "example": ""
        },
        "{19}": {
          "type": "gap",
          "item": "19",
          "solutions": [
            "Wunsch"
          ],
          "hint": "",
          "instruction": "",
          "isCaseSensitive": true,
          "isExample": false,
          "example": ""
        },
        "{20}": {
          "type": "gap",
          "item": "20",
          "solutions": [
            "Veränderungen"
          ],
          "hint": "",
          "instruction": "",
          "isCaseSensitive": true,
          "isExample": false,
          "example": ""
        },
        "{21}": {
          "type": "gap",
          "item": "21",
          "solutions": [
            "Mitgliederzahlen"
          ],
          "hint": "",
          "instruction": "",
          "isCaseSensitive": true,
          "isExample": false,
          "example": ""
        },
        "{22}": {
          "type": "gap",
          "item": "22",
          "solutions": [
            "Gesundheit"
          ],
          "hint": "",
          "instruction": "",
          "isCaseSensitive": true,
          "isExample": false,
          "example": ""
        }
      }
    }
  }
]