[
  {
    "bit": {
      "type": "cloze",
      "format": "bitmark--",
      "item": "cl12",
      "hint": "",
      "example": "",
      "isExample": false,
      "body": "This sentence is a {0} with {1} gaps including an instruction for the first and a hint for the second ] gap [. ::remark::  <<kool<<\n\nEND",
      "placeholders": {
        "{0}": {
          "type": "gap",
          "solutions": ["cloze", "gap text"],
          "item": "",
          "hint": "",
          "instruction": "noun",
          "isExample": false,
          "example": "",
          "isCaseSensitive": true
        },
        "{1}": {
          "type": "gap",
          "solutions": ["4"],
          "item": "",
          "hint": "1 or 2",
          "instruction": "",
          "isExample": false,
          "example": "",
          "isCaseSensitive": true
        }
      }
    },
    "parser": {
      "excessResources": [
        {
          "type": "audio",
          "audio": {
            "format": "wmv",
            "provider": "cdn.bitbook.education",
            "src": "https://cdn.bitbook.education/cat.wmv",
            "license": "",
            "copyright": "",
            "showInIndex": false,
            "caption": ""
          }
        }
      ],
      "errors": [
        {
          "message": "1 excess resource(s) present in the bit. The bit resource type is 'NOT SET'",
          "text": "[.cloze][%cl12] This sentence is a [_cloze][_gap text][!noun] with [_4][?1 or 2] gaps including an instruction for the first and a hint for the second ] gap [. [& means the start of bit [.match][@example]::remark::  <<kool<<\n[&audio:https://cdn.bitbook.education/cat.wmv]\nEND\n",
          "location": {
            "start": {
              "offset": 0,
              "line": 1,
              "column": 1
            },
            "end": {
              "offset": 276,
              "line": 4,
              "column": 1
            }
          }
        }
      ]
    },
    "bitmark": "[.cloze][%cl12] This sentence is a [_cloze][_gap text][!noun] with [_4][?1 or 2] gaps including an instruction for the first and a hint for the second ] gap [. [& means the start of bit [.match][@example]::remark::  <<kool<<\n[&audio:https://cdn.bitbook.education/cat.wmv]\nEND"
  }
]
