[
  {
    "bitmark": "[.cloze][%cl5] This sentence is a [_cloze][_gap][?This is a hint to solve this gap and not a hint for the whole quiz][@example]",
    "bit": {
      "type": "cloze",
      "format": "bitmark--",
      "body": "This sentence is a {0}",
      "item": "cl5",
      "hint": "",
      "isExample": false,
      "example": "",
      "placeholders": {
        "{0}": {
          "type": "gap",
          "item": "",
          "solutions": [
            "cloze",
            "gap"
          ],
          "hint": "This is a hint to solve this gap and not a hint for the whole quiz",
          "instruction": "",
          "isCaseSensitive": true,
          "isExample": true,
          "example": ""
        }
      }
    }
  },
  {
    "bitmark": "[.cloze] This sentence is a [_gap text][!noun] with [_2][?1 or 2] gaps including an instruction for the first and a hint for the second gap.",
    "bit": {
      "type": "cloze",
      "format": "bitmark--",
      "body": "This sentence is a {0} with {1} gaps including an instruction for the first and a hint for the second gap.",
      "item": "",
      "hint": "",
      "isExample": false,
      "example": "",
      "placeholders": {
        "{0}": {
          "type": "gap",
          "item": "",
          "solutions": [
            "gap text"
          ],
          "hint": "",
          "instruction": "noun",
          "isCaseSensitive": true,
          "isExample": false,
          "example": ""
        },
        "{1}": {
          "type": "gap",
          "item": "",
          "solutions": [
            "2"
          ],
          "hint": "1 or 2",
          "instruction": "",
          "isCaseSensitive": true,
          "isExample": false,
          "example": ""
        }
      }
    }
  }
]