[
  {
    "bitmark": "[.match:bitmark--]\n[%A3a]\n[!Fragen Sie.\nBilden Sie aus den Wortreihen Fragen im Präsens oder Präteritum.]\n===\n◇ Sie – historische Romane – mögen __(Präsens)__\n==\nMögen Sie historische Romane?[@example]\n===\n◇ wollen – werden – was – früher – Sie __(Präteritum)__\n==\nWas wollten Sie früher werden?[@example]\n===\n[%1] warum – Deutsch lernen – Sie – wollen __(Präsens)__\n==\nWarum wollen Sie Deutsch lernen?\n===\n[%2] möchten – wohin – fahren – Sie – im nächsten Urlaub __(Präsens)__\n==\nWohin möchten Sie im nächsten Urlaub fahren?\n===\n[%3] Musik – mögen – welche – Sie __(Präsens)__\n==\nWelche Musik mögen Sie?\n===\n[%4] können – welche – sprechen – Sprachen – besonders gut – Sie __(Präsens)__\n==\nWelche Sprachen können Sie besonders gut sprechen?\n===\n[%5] als Kind – dürfen – Sie – was – nicht – tun __(Präteritum)__\n==\nWas durften Sie als Kind nicht tun?\n===\n[%6] aufstehen – Sie – morgens – müssen – wann __(Präsens)__\n==\nWann müssen Sie morgens aufstehen?\n===\n[%7] wohnen – Sie – wo – möchten – am liebsten __(Präsens)__\n==\nWo möchten Sie am liebsten wohnen?\n===\n[%8] Sie – Ski laufen – als Kind – können __(Präteritum)__\n==\nKonnten Sie als Kind Ski laufen?\n===\n[%9] mögen – Sie – früher – Zeichentrickfilme __(Präteritum)__\n==\nMochten Sie früher Zeichentrickfilme?\n===\n[%10] eine Prüfung – wiederholen – schon mal – müssen – Sie __(Präteritum)__\n==\nMussten Sie schon mal eine Prüfung wiederholen?\n===\n[%11] in Ihrer Arbeitszeit – dürfen – Sie – privat im Internet – surfen __(Präsens)__\n==\nDürfen Sie in Ihrer Arbeitszeit privat im Internet surfen?\n===",
    "bit": {
      "type": "match",
      "format": "bitmark--",
      "item": "A3a",
      "heading": {},
      "pairs": [
        {
          "key": "◇ Sie – historische Romane – mögen __(Präsens)__",
          "values": ["Mögen Sie historische Romane?"],
          "item": "",
          "hint": "",
          "instruction": "",
          "isCaseSensitive": true,
          "isExample": true,
          "example": "",
          "isLongAnswer": false
        },
        {
          "key": "◇ wollen – werden – was – früher – Sie __(Präteritum)__",
          "values": ["Was wollten Sie früher werden?"],
          "item": "",
          "hint": "",
          "instruction": "",
          "isCaseSensitive": true,
          "isExample": true,
          "example": "",
          "isLongAnswer": false
        },
        {
          "key": "warum – Deutsch lernen – Sie – wollen __(Präsens)__",
          "values": ["Warum wollen Sie Deutsch lernen?"],
          "item": "1",
          "hint": "",
          "instruction": "",
          "isCaseSensitive": true,
          "isExample": false,
          "example": "",
          "isLongAnswer": false
        },
        {
          "key": "möchten – wohin – fahren – Sie – im nächsten Urlaub __(Präsens)__",
          "values": ["Wohin möchten Sie im nächsten Urlaub fahren?"],
          "item": "2",
          "hint": "",
          "instruction": "",
          "isCaseSensitive": true,
          "isExample": false,
          "example": "",
          "isLongAnswer": false
        },
        {
          "key": "Musik – mögen – welche – Sie __(Präsens)__",
          "values": ["Welche Musik mögen Sie?"],
          "item": "3",
          "hint": "",
          "instruction": "",
          "isCaseSensitive": true,
          "isExample": false,
          "example": "",
          "isLongAnswer": false
        },
        {
          "key": "können – welche – sprechen – Sprachen – besonders gut – Sie __(Präsens)__",
          "values": ["Welche Sprachen können Sie besonders gut sprechen?"],
          "item": "4",
          "hint": "",
          "instruction": "",
          "isCaseSensitive": true,
          "isExample": false,
          "example": "",
          "isLongAnswer": false
        },
        {
          "key": "als Kind – dürfen – Sie – was – nicht – tun __(Präteritum)__",
          "values": ["Was durften Sie als Kind nicht tun?"],
          "item": "5",
          "hint": "",
          "instruction": "",
          "isCaseSensitive": true,
          "isExample": false,
          "example": "",
          "isLongAnswer": false
        },
        {
          "key": "aufstehen – Sie – morgens – müssen – wann __(Präsens)__",
          "values": ["Wann müssen Sie morgens aufstehen?"],
          "item": "6",
          "hint": "",
          "instruction": "",
          "isCaseSensitive": true,
          "isExample": false,
          "example": "",
          "isLongAnswer": false
        },
        {
          "key": "wohnen – Sie – wo – möchten – am liebsten __(Präsens)__",
          "values": ["Wo möchten Sie am liebsten wohnen?"],
          "item": "7",
          "hint": "",
          "instruction": "",
          "isCaseSensitive": true,
          "isExample": false,
          "example": "",
          "isLongAnswer": false
        },
        {
          "key": "Sie – Ski laufen – als Kind – können __(Präteritum)__",
          "values": ["Konnten Sie als Kind Ski laufen?"],
          "item": "8",
          "hint": "",
          "instruction": "",
          "isCaseSensitive": true,
          "isExample": false,
          "example": "",
          "isLongAnswer": false
        },
        {
          "key": "mögen – Sie – früher – Zeichentrickfilme __(Präteritum)__",
          "values": ["Mochten Sie früher Zeichentrickfilme?"],
          "item": "9",
          "hint": "",
          "instruction": "",
          "isCaseSensitive": true,
          "isExample": false,
          "example": "",
          "isLongAnswer": false
        },
        {
          "key": "eine Prüfung – wiederholen – schon mal – müssen – Sie __(Präteritum)__",
          "values": ["Mussten Sie schon mal eine Prüfung wiederholen?"],
          "item": "10",
          "hint": "",
          "instruction": "",
          "isCaseSensitive": true,
          "isExample": false,
          "example": "",
          "isLongAnswer": false
        },
        {
          "key": "in Ihrer Arbeitszeit – dürfen – Sie – privat im Internet – surfen __(Präsens)__",
          "values": ["Dürfen Sie in Ihrer Arbeitszeit privat im Internet surfen?"],
          "item": "11",
          "hint": "",
          "instruction": "",
          "isCaseSensitive": true,
          "isExample": false,
          "example": "",
          "isLongAnswer": false
        }
      ],
      "body": "",
      "instruction": "Fragen Sie.\nBilden Sie aus den Wortreihen Fragen im Präsens oder Präteritum."
    }
  }
]
