[
  {
    "bitmark": "[.interview&audio]\n[!Sie hören jetzt einen Text zum Thema __Einkommen von Spitzensportlern.__ Hören Sie den Text zweimal und ergänzen Sie die Informationen zu den angegebenen Punkten.]\n[&audio:http://cdn.bitbook.education/publishers/3/books/26363/einkommen_spitzensportler.mp3]\n\n===\nzwei Leben der Sportler\n===\ndurchschnittliches monatliches Bruttoeinkommen von Spitzensportlern[@shortAnswer]\n===\nZeit für Berufstätigkeit[@longAnswer]\n===",
    "bit": {
      "type": "interview",
      "format": "bitmark--",
      "item": "",
      "instruction": "Sie hören jetzt einen Text zum Thema __Einkommen von Spitzensportlern.__ Hören Sie den Text zweimal und ergänzen Sie die Informationen zu den angegebenen Punkten.",
      "body": "",
      "footer": "",
      "hint": "",
      "questions": [
        {
          "item": "",
          "question": "zwei Leben der Sportler",
          "instruction": "",
          "hint": "",
          "isExample": false,
          "example": "",
          "sampleSolution": "",
          "partialAnswer": "",
          "isShortAnswer": true
        },
        {
          "item": "",
          "question": "durchschnittliches monatliches Bruttoeinkommen von Spitzensportlern",
          "instruction": "",
          "hint": "",
          "isExample": false,
          "example": "",
          "sampleSolution": "",
          "partialAnswer": "",
          "isShortAnswer": true
        },
        {
          "item": "",
          "question": "Zeit für Berufstätigkeit",
          "instruction": "",
          "hint": "",
          "isExample": false,
          "example": "",
          "sampleSolution": "",
          "partialAnswer": "",
          "isShortAnswer": false
        }
      ],
      "resource": {
        "type": "audio",
        "audio": {
          "format": "mp3",
          "src": "http://cdn.bitbook.education/publishers/3/books/26363/einkommen_spitzensportler.mp3"
        }
      }
    }
  }
]