[
  {
    "bitmark": "[.assignment:bitmark++&article:bitmark++]\n[%A10]\n[!Diskussion]\n\n1. Jeder kann alles lernen, wenn er nur will.\n2. In der Schule soll in erster Linie Wissen vermittelt werden.\n3. Wer in der Schule gute Zensuren hat, wird auch ein guter Arzt/Anwalt.\n4. Früher waren die Schüler viel fleißiger.\n5. Was Hänschen nicht lernt, lernt Hans nimmermehr.\n6. Nicht für die Schule, für das Leben lernen wir.\n\n 11. Jeder kann alles lernen, wenn er nur will.\n 12. In der Schule soll in erster Linie Wissen vermittelt werden.\n 13. Wer in der Schule gute Zensuren hat, wird auch ein guter Arzt/Anwalt.\n 14. Früher waren die Schüler viel fleißiger.\n 15. Was Hänschen nicht lernt, lernt Hans nimmermehr.\n 16. Nicht für die Schule, für das Leben lernen wir.",
    "bit": {
      "type": "assignment",
      "format": "bitmark++",
      "body": "1. Jeder kann alles lernen, wenn er nur will.\n2. In der Schule soll in erster Linie Wissen vermittelt werden.\n3. Wer in der Schule gute Zensuren hat, wird auch ein guter Arzt/Anwalt.\n4. Früher waren die Schüler viel fleißiger.\n5. Was Hänschen nicht lernt, lernt Hans nimmermehr.\n6. Nicht für die Schule, für das Leben lernen wir.\n\n 11. Jeder kann alles lernen, wenn er nur will.\n 12. In der Schule soll in erster Linie Wissen vermittelt werden.\n 13. Wer in der Schule gute Zensuren hat, wird auch ein guter Arzt/Anwalt.\n 14. Früher waren die Schüler viel fleißiger.\n 15. Was Hänschen nicht lernt, lernt Hans nimmermehr.\n 16. Nicht für die Schule, für das Leben lernen wir.",
      "item": "A10",
      "hint": "",
      "isExample": false,
      "example": "",
      "instruction": "Diskussion"
    }
  }
]