[
  {
    "bitmark": "[.match-picture]\n[!Name the animals on the pictures.]\n\n===\n[&image:http://cdn.bitbook.education/books/com.firstpub.book98789/animals/cat.jpg]\n==\ncat\n===\n[&image:http://cdn.bitbook.education/books/com.firstpub.book98789/animals/tiger.jpg]\n==\ntiger\n===",
    "bit": {
      "type": "match-picture",
      "format": "bitmark--",
      "item": "",
      "heading": {},
      "pairs": [
        {
          "keyImage": {
            "width": null,
            "height": null,
            "src": "http://cdn.bitbook.education/books/com.firstpub.book98789/animals/cat.jpg"
          },
          "values": [
            "cat"
          ],
          "item": "",
          "hint": "",
          "instruction": "",
          "isCaseSensitive": true,
          "isExample": false,
          "example": "",
          "isLongAnswer": false
        },
        {
          "keyImage": {
            "width": null,
            "height": null,
            "src": "http://cdn.bitbook.education/books/com.firstpub.book98789/animals/tiger.jpg"
          },
          "values": [
            "tiger"
          ],
          "item": "",
          "hint": "",
          "instruction": "",
          "isCaseSensitive": true,
          "isExample": false,
          "example": "",
          "isLongAnswer": false
        }
      ],
      "body": "",
      "instruction": "Name the animals on the pictures."
    }
  }
]