[
  {
    "bitmark": "[.match]\n[!Wie heißen die passenden Nomen?]\n\n===\n[#Adjektiv]\n==\n[#Nomen]\n===\n[%a]talentiert[@example: Yoshikazu Noda]\n==\ndas Talent\n===\n[%b]ausdauernd\n==\ndie Ausdauer\n===\n[%c]fleißig\n==\nder Fleiß\n--\nder Fleiss\n===\n[%d]kämpferisch\n==\nder Kampf\n===",
    "bit": {
      "type": "match",
      "format": "bitmark--",
      "item": "",
      "heading": {
        "forKeys": "Adjektiv",
        "forValues": "Nomen"
      },
      "pairs": [
        {
          "key": "talentiert",
          "values": [
            "das Talent"
          ],
          "item": "a",
          "hint": "",
          "instruction": "",
          "isCaseSensitive": true,
          "isExample": true,
          "example": "Yoshikazu Noda",
          "isLongAnswer": false
        },
        {
          "key": "ausdauernd",
          "values": [
            "die Ausdauer"
          ],
          "item": "b",
          "hint": "",
          "instruction": "",
          "isCaseSensitive": true,
          "isExample": false,
          "example": "",
          "isLongAnswer": false
        },
        {
          "key": "fleißig",
          "values": [
            "der Fleiß",
            "der Fleiss"
          ],
          "item": "c",
          "hint": "",
          "instruction": "",
          "isCaseSensitive": true,
          "isExample": false,
          "example": "",
          "isLongAnswer": false
        },
        {
          "key": "kämpferisch",
          "values": [
            "der Kampf"
          ],
          "item": "d",
          "hint": "",
          "instruction": "",
          "isCaseSensitive": true,
          "isExample": false,
          "example": "",
          "isLongAnswer": false
        }
      ],
      "body": "",
      "instruction": "Wie heißen die passenden Nomen?"
    }
  }
]