[
  {
    "bitmark": "[.match&article:bitmark--]\n[!Please translate.]\n\n===\nFussball [@example]\n==\nfootball\n--\nsoccer\n===\n\n**Nice!**\nFinally I get proper new line support.",
    "bit": {
      "type": "match",
      "format": "bitmark--",
      "item": "",
      "heading": {},
      "pairs": [
        {
          "key": "Fussball ",
          "values": [
            "football",
            "soccer"
          ],
          "item": "",
          "hint": "",
          "instruction": "",
          "isCaseSensitive": true,
          "isExample": true,
          "example": "",
          "isLongAnswer": false
        }
      ],
      "body": "**Nice!**\nFinally I get proper new line support.",
      "instruction": "Please translate."
    }
  }
]