[
  {
    "bitmark": "[.message:bitmark--]\nHave a look at this **cute** cat! ğŸ˜»",
    "bit": {
      "type": "message",
      "format": "bitmark--",
      "body": "Have a look at this **cute** cat! ğŸ˜»"
    }
  }
]