[
  {
    "bitmark": "[.multiple-choice-text]\n[%6]\n[!Du stehst am Bahnhof. Ein Fremder spricht dich an. Wähl die passenden Antworten.]\n\"Kann ich Ihnen helfen?\" \n[-\"Danke schön.\"][+\"Ja, gerne.\"][-\"Sehr gut.\"]\n  \n\"Sie sprechen sehr gut Deutsch.\" \n[+\"Danke schön.\"][-\"Ja, gerne.\"][-\"Sehr gut.\"]\n  \n\"Wie gefällt es Ihnen hier?\" \n[-\"Danke schön.\"][-\"Ja, gerne.\"][+\"Sehr gut.\"]",
    "bit": {
      "type": "multiple-choice-text",
      "format": "bitmark--",
      "body": "\"Kann ich Ihnen helfen?\" \n{0}\n  \n\"Sie sprechen sehr gut Deutsch.\" \n{1}\n  \n\"Wie gefällt es Ihnen hier?\" \n{2}",
      "placeholders": {
        "{0}": {
          "type": "select",
          "item": "",
          "options": [
            {
              "text": "\"Danke schön.\"",
              "hint": "",
              "isCorrect": false
            },
            {
              "text": "\"Ja, gerne.\"",
              "hint": "",
              "isCorrect": true
            },
            {
              "text": "\"Sehr gut.\"",
              "hint": "",
              "isCorrect": false
            }
          ],
          "prefix": "",
          "postfix": "",
          "hint": "",
          "instruction": "",
          "isExample": false,
          "example": ""
        },
        "{1}": {
          "type": "select",
          "item": "",
          "options": [
            {
              "text": "\"Danke schön.\"",
              "hint": "",
              "isCorrect": true
            },
            {
              "text": "\"Ja, gerne.\"",
              "hint": "",
              "isCorrect": false
            },
            {
              "text": "\"Sehr gut.\"",
              "hint": "",
              "isCorrect": false
            }
          ],
          "prefix": "",
          "postfix": "",
          "hint": "",
          "instruction": "",
          "isExample": false,
          "example": ""
        },
        "{2}": {
          "type": "select",
          "item": "",
          "options": [
            {
              "text": "\"Danke schön.\"",
              "hint": "",
              "isCorrect": false
            },
            {
              "text": "\"Ja, gerne.\"",
              "hint": "",
              "isCorrect": false
            },
            {
              "text": "\"Sehr gut.\"",
              "hint": "",
              "isCorrect": true
            }
          ],
          "prefix": "",
          "postfix": "",
          "hint": "",
          "instruction": "",
          "isExample": false,
          "example": ""
        }
      },
      "item": "6",
      "instruction": "Du stehst am Bahnhof. Ein Fremder spricht dich an. Wähl die passenden Antworten."
    }
  }
]