[
  {
    "bitmark": "[.multiple-response-1]\n[%123a][!What colours can cows have in Switzerland?]\n[+brown][?suger]\n[+purple][?heze]\n[-blue][?by yo]\n[-green][?day]",
    "bit": {
      "type": "multiple-response-1",
      "format": "bitmark--",
      "item": "123a",
      "instruction": "What colours can cows have in Switzerland?",
      "body": "",
      "hint": "",
      "responses": [
        {
          "response": "brown",
          "item": "",
          "isCorrect": true,
          "instruction": "",
          "hint": "suger"
        },
        {
          "response": "purple",
          "item": "",
          "isCorrect": true,
          "instruction": "",
          "hint": "heze"
        },
        {
          "response": "blue",
          "item": "",
          "isCorrect": false,
          "instruction": "",
          "hint": "by yo"
        },
        {
          "response": "green",
          "item": "",
          "isCorrect": false,
          "instruction": "",
          "hint": "day"
        }
      ],
      "isExample": false,
      "example": ""
    }
  }
]