[
  {
    "bitmark": "[.multiple-choice&imageWithAudio]\n[%A30a]\n[!Singles in Deutschland\n\nSie hören jetzt ein Interview über Singles in Deutschland. Welche Aussage entspricht dem Text?\nKreuzen Sie die richtige Antwort an.]\n\n[@reference: Allein zu Haus. Single als Lebensmodell? Tagesspiegel online, 11.7.2012 (Hanna Gieffers/Matthias Schlegel). In: https://www.tagesspiegel.de/politik]\n[&image::https://docs.bitbook.education/bit-books/schubert/schubert_erkundungen_b2/web-resources/images/727494_original_r_k_b_by_lupo_pixelio-heller.png]\n\n[&audio::https://docs.bitbook.education/bit-books/schubert/schubert_erkundungen_b2/web-resources/audio/03_erkundungen_b2_3a.mp3]\n||reference not attached to a text?||\n===\n[!Die Anzahl der Singlehaushalte in Deutschland]\n[+a) ist so hoch wie nie.][@example]\n[-b) ist stabil.]\n[-c) zeigt einen gesellschaftlichen Umbruch.]\n===\n[!1. Die meisten Singles]\n[-a) wohnen auf dem Land.]\n[-b) sind überzeugte Junggesellen.]\n[+c) kann man in den Großstädten finden.]\n===\n[!2. Singles sind]\n[-a) überdurchschnittlich erfolgreich.]\n[+b) eher armutsgefährdet als andere Personen.]\n[-c) besonders häufig in Führungspositionen zu finden.]\n===\n[!3. Frauen]\n[-a) finden das Singleleben besonders attraktiv.]\n[+b) sind heute durch bessere Bildungschancen unabhängiger. ]\n[-c) nutzen ihr Singleleben häufiger, um Karriere zu machen.]\n===\n[!4. Studien zufolge]\n[+a) träumen die meisten Deutschen noch immer von der großen Liebe. ]\n[-b) steigt die Anzahl der überzeugten Singles.]\n[-c) werden viele Menschen mit nur einem Partner glücklich.]\n===\n[!5. Im europäischen Vergleich der Ein-Personen-Haushalte]\n[+a) liegt Deutschland auf Platz zwei.]\n[-b) gibt es kaum Unterschiede zwischen den Ländern. ]\n[-c) haben Finnland und Dänemark die meisten Singles.]\n===",
    "bit": {
      "type": "multiple-choice",
      "format": "bitmark--",
      "item": "A30a",
      "instruction": "Singles in Deutschland\n\nSie hören jetzt ein Interview über Singles in Deutschland. Welche Aussage entspricht dem Text?\nKreuzen Sie die richtige Antwort an.",
      "body": "[&image::https://docs.bitbook.education/bit-books/schubert/schubert_erkundungen_b2/web-resources/images/727494_original_r_k_b_by_lupo_pixelio-heller.png]\n\n[&audio::https://docs.bitbook.education/bit-books/schubert/schubert_erkundungen_b2/web-resources/audio/03_erkundungen_b2_3a.mp3]\n\n===\n[!Die Anzahl der Singlehaushalte in Deutschland]\n[+a) ist so hoch wie nie.][@example]\n[-b) ist stabil.]\n[-c) zeigt einen gesellschaftlichen Umbruch.]\n===\n[!1. Die meisten Singles]\n[-a) wohnen auf dem Land.]\n[-b) sind überzeugte Junggesellen.]\n[+c) kann man in den Großstädten finden.]\n===\n[!2. Singles sind]\n[-a) überdurchschnittlich erfolgreich.]\n[+b) eher armutsgefährdet als andere Personen.]\n[-c) besonders häufig in Führungspositionen zu finden.]\n===\n[!3. Frauen]\n[-a) finden das Singleleben besonders attraktiv.]\n[+b) sind heute durch bessere Bildungschancen unabhängiger. ]\n[-c) nutzen ihr Singleleben häufiger, um Karriere zu machen.]\n===\n[!4. Studien zufolge]\n[+a) träumen die meisten Deutschen noch immer von der großen Liebe. ]\n[-b) steigt die Anzahl der überzeugten Singles.]\n[-c) werden viele Menschen mit nur einem Partner glücklich.]\n===\n[!5. Im europäischen Vergleich der Ein-Personen-Haushalte]\n[+a) liegt Deutschland auf Platz zwei.]\n[-b) gibt es kaum Unterschiede zwischen den Ländern. ]\n[-c) haben Finnland und Dänemark die meisten Singles.]\n===",
      "footer": "",
      "hint": "",
      "quizzes": [],
      "reference": [
        "Allein zu Haus. Single als Lebensmodell? Tagesspiegel online, 11.7.2012 (Hanna Gieffers/Matthias Schlegel). In: https://www.tagesspiegel.de/politik"
      ]
    },
    "errors": [
      {
        "message": "Unexpected input 'WithAudio'",
        "line": 1,
        "column": 23,
        "errorLine": "[.multiple-choice&imageWithAudio]"
      },
      {
        "message": "Unexpected input '\\n[&image::'",
        "line": 9,
        "column": 7,
        "errorLine": "[&image::https://docs.bitbook.education/bit-books/schubert/schubert_erkundungen_b2/web-resources/images/727494_original_r_k_b_by_lupo_pixelio-heller.png]"
      },
      {
        "message": "Unexpected input '[&image'",
        "line": 9,
        "column": 0,
        "errorLine": "[&image::https://docs.bitbook.education/bit-books/schubert/schubert_erkundungen_b2/web-resources/images/727494_original_r_k_b_by_lupo_pixelio-heller.png]"
      },
      {
        "message": "Unexpected input '[&audio'",
        "line": 11,
        "column": 0,
        "errorLine": "[&audio::https://docs.bitbook.education/bit-books/schubert/schubert_erkundungen_b2/web-resources/audio/03_erkundungen_b2_3a.mp3]"
      },
      {
        "message": "Unexpected input '\\n===\n'",
        "line": 12,
        "column": 0,
        "errorLine": ""
      },
      {
        "message": "Unexpected input '[+'",
        "line": 15,
        "column": 0,
        "errorLine": "[+a) ist so hoch wie nie.][@example]"
      },
      {
        "message": "Unexpected input '[-'",
        "line": 16,
        "column": 0,
        "errorLine": "[-b) ist stabil.]"
      },
      {
        "message": "Unexpected input '[-'",
        "line": 17,
        "column": 0,
        "errorLine": "[-c) zeigt einen gesellschaftlichen Umbruch.]"
      },
      {
        "message": "Unexpected input '[-'",
        "line": 20,
        "column": 0,
        "errorLine": "[-a) wohnen auf dem Land.]"
      },
      {
        "message": "Unexpected input '[-'",
        "line": 21,
        "column": 0,
        "errorLine": "[-b) sind überzeugte Junggesellen.]"
      },
      {
        "message": "Unexpected input '[+'",
        "line": 22,
        "column": 0,
        "errorLine": "[+c) kann man in den Großstädten finden.]"
      },
      {
        "message": "Unexpected input '[-'",
        "line": 25,
        "column": 0,
        "errorLine": "[-a) überdurchschnittlich erfolgreich.]"
      },
      {
        "message": "Unexpected input '[+'",
        "line": 26,
        "column": 0,
        "errorLine": "[+b) eher armutsgefährdet als andere Personen.]"
      },
      {
        "message": "Unexpected input '[-'",
        "line": 27,
        "column": 0,
        "errorLine": "[-c) besonders häufig in Führungspositionen zu finden.]"
      },
      {
        "message": "Unexpected input '[-'",
        "line": 30,
        "column": 0,
        "errorLine": "[-a) finden das Singleleben besonders attraktiv.]"
      },
      {
        "message": "Unexpected input '[+'",
        "line": 31,
        "column": 0,
        "errorLine": "[+b) sind heute durch bessere Bildungschancen unabhängiger. ]"
      },
      {
        "message": "Unexpected input '[-'",
        "line": 32,
        "column": 0,
        "errorLine": "[-c) nutzen ihr Singleleben häufiger, um Karriere zu machen.]"
      },
      {
        "message": "Unexpected input '[+'",
        "line": 35,
        "column": 0,
        "errorLine": "[+a) träumen die meisten Deutschen noch immer von der großen Liebe. ]"
      },
      {
        "message": "Unexpected input '[-'",
        "line": 36,
        "column": 0,
        "errorLine": "[-b) steigt die Anzahl der überzeugten Singles.]"
      },
      {
        "message": "Unexpected input '[-'",
        "line": 37,
        "column": 0,
        "errorLine": "[-c) werden viele Menschen mit nur einem Partner glücklich.]"
      },
      {
        "message": "Unexpected input '[+'",
        "line": 40,
        "column": 0,
        "errorLine": "[+a) liegt Deutschland auf Platz zwei.]"
      },
      {
        "message": "Unexpected input '[-'",
        "line": 41,
        "column": 0,
        "errorLine": "[-b) gibt es kaum Unterschiede zwischen den Ländern. ]"
      },
      {
        "message": "Unexpected input '[-'",
        "line": 42,
        "column": 0,
        "errorLine": "[-c) haben Finnland und Dänemark die meisten Singles.]"
      }
    ]
  }
]