[
  {
    "bitmark": "[.example:bitmark++]\n[@ageRange:18][@ageRange:120]\n[@language:en]\n[@language:jp]\n[@language:cn]\n\n**Some bold text,**\nfollowed by some plain text. cloze open close cloze1 book.\n[&image:https://cdn.bitbook.education/cat.jpg]\n\nSome more text.\n::remark::\n::",
    "bit": {
      "type": "example",
      "format": "bitmark++",
      "body": "**Some bold text,**\nfollowed by some plain text. cloze open close cloze1 book.\n\n\nSome more text.\n::remark::\n::",
      "item": "",
      "hint": "",
      "isExample": false,
      "example": "",
      "ageRange": [
        "18",
        "120"
      ],
      "language": [
        "en",
        "jp",
        "cn"
      ]
    },
    "parser": {
      "excessResources": [
        {
          "type": "image",
          "format": "jpg",
          "src": "https://cdn.bitbook.education/cat.jpg"
        }
      ]
    }
  },
  {
    "bitmark": "[.note:bitmark++]\n[@ageRange:18][@ageRange:120]\n[@language:en]\n[@language:jp]\n[@language:cn]\n\n**Some bold text,**\nfollowed by some plain text. cloze open close cloze1 book.\n[&image:https://cdn.bitbook.education/cat.jpg]\n\nSome more text.\n::remark::\n::",
    "bit": {
      "type": "note",
      "format": "bitmark++",
      "body": "**Some bold text,**\nfollowed by some plain text. cloze open close cloze1 book.\n\n\nSome more text.\n::remark::\n::",
      "item": "",
      "hint": "",
      "isExample": false,
      "example": "",
      "ageRange": [
        "18",
        "120"
      ],
      "language": [
        "en",
        "jp",
        "cn"
      ]
    },
    "parser": {
      "excessResources": [
        {
          "type": "image",
          "format": "jpg",
          "src": "https://cdn.bitbook.education/cat.jpg"
        }
      ]
    }
  },
  {
    "bitmark": "[.info:bitmark++]\n[@ageRange:18][@ageRange:120]\n[@language:en]\n[@language:jp]\n[@language:cn]\n\n**Some bold text,**\nfollowed by some plain text. cloze open close cloze1 book.\n[&image:https://cdn.bitbook.education/cat.jpg]\n\nSome more text.\n::remark::\n::",
    "bit": {
      "type": "info",
      "format": "bitmark++",
      "body": "**Some bold text,**\nfollowed by some plain text. cloze open close cloze1 book.\n\n\nSome more text.\n::remark::\n::",
      "item": "",
      "hint": "",
      "isExample": false,
      "example": "",
      "ageRange": [
        "18",
        "120"
      ],
      "language": [
        "en",
        "jp",
        "cn"
      ]
    },
    "parser": {
      "excessResources": [
        {
          "type": "image",
          "format": "jpg",
          "src": "https://cdn.bitbook.education/cat.jpg"
        }
      ]
    }
  },
  {
    "bitmark": "[.warning:bitmark++]\n[@ageRange:18][@ageRange:120]\n[@language:en]\n[@language:jp]\n[@language:cn]\n\n**Some bold text,**\nfollowed by some plain text. cloze open close cloze1 book.\n[&image:https://cdn.bitbook.education/cat.jpg]\n\nSome more text.\n::remark::\n::",
    "bit": {
      "type": "warning",
      "format": "bitmark++",
      "body": "**Some bold text,**\nfollowed by some plain text. cloze open close cloze1 book.\n\n\nSome more text.\n::remark::\n::",
      "item": "",
      "hint": "",
      "isExample": false,
      "example": "",
      "ageRange": [
        "18",
        "120"
      ],
      "language": [
        "en",
        "jp",
        "cn"
      ]
    },
    "parser": {
      "excessResources": [
        {
          "type": "image",
          "format": "jpg",
          "src": "https://cdn.bitbook.education/cat.jpg"
        }
      ]
    }
  },
  {
    "bitmark": "[.remark:bitmark++]\n[@ageRange:18][@ageRange:120]\n[@language:en]\n[@language:jp]\n[@language:cn]\n\n**Some bold text,**\nfollowed by some plain text. cloze open close cloze1 book.\n[&image:https://cdn.bitbook.education/cat.jpg]\n\nSome more text.\n::remark::\n::",
    "bit": {
      "type": "remark",
      "format": "bitmark++",
      "body": "**Some bold text,**\nfollowed by some plain text. cloze open close cloze1 book.\n\n\nSome more text.\n::remark::\n::",
      "item": "",
      "hint": "",
      "isExample": false,
      "example": "",
      "ageRange": [
        "18",
        "120"
      ],
      "language": [
        "en",
        "jp",
        "cn"
      ]
    },
    "parser": {
      "excessResources": [
        {
          "type": "image",
          "format": "jpg",
          "src": "https://cdn.bitbook.education/cat.jpg"
        }
      ]
    }
  },
  {
    "bitmark": "[.help:bitmark++]\n[@ageRange:18][@ageRange:120]\n[@language:en]\n[@language:jp]\n[@language:cn]\n\n**Some bold text,**\nfollowed by some plain text. cloze open close cloze1 book.\n[&image:https://cdn.bitbook.education/cat.jpg]\n\nSome more text.\n::remark::\n::",
    "bit": {
      "type": "help",
      "format": "bitmark++",
      "body": "**Some bold text,**\nfollowed by some plain text. cloze open close cloze1 book.\n\n\nSome more text.\n::remark::\n::",
      "item": "",
      "hint": "",
      "isExample": false,
      "example": "",
      "ageRange": [
        "18",
        "120"
      ],
      "language": [
        "en",
        "jp",
        "cn"
      ]
    },
    "parser": {
      "excessResources": [
        {
          "type": "image",
          "format": "jpg",
          "src": "https://cdn.bitbook.education/cat.jpg"
        }
      ]
    }
  },
  {
    "bitmark": "[.danger:bitmark++]\n[@ageRange:18][@ageRange:120]\n[@language:en]\n[@language:jp]\n[@language:cn]\n\n**Some bold text,**\nfollowed by some plain text. cloze open close cloze1 book.\n[&image:https://cdn.bitbook.education/cat.jpg]\n\nSome more text.\n::remark::\n::",
    "bit": {
      "type": "danger",
      "format": "bitmark++",
      "body": "**Some bold text,**\nfollowed by some plain text. cloze open close cloze1 book.\n\n\nSome more text.\n::remark::\n::",
      "item": "",
      "hint": "",
      "isExample": false,
      "example": "",
      "ageRange": [
        "18",
        "120"
      ],
      "language": [
        "en",
        "jp",
        "cn"
      ]
    },
    "parser": {
      "excessResources": [
        {
          "type": "image",
          "format": "jpg",
          "src": "https://cdn.bitbook.education/cat.jpg"
        }
      ]
    }
  },
  {
    "bitmark": "[.bug:bitmark++]\n[@ageRange:18][@ageRange:120]\n[@language:en]\n[@language:jp]\n[@language:cn]\n\n**Some bold text,**\nfollowed by some plain text. cloze open close cloze1 book.\n[&image:https://cdn.bitbook.education/cat.jpg]\n\nSome more text.\n::remark::\n::",
    "bit": {
      "type": "bug",
      "format": "bitmark++",
      "body": "**Some bold text,**\nfollowed by some plain text. cloze open close cloze1 book.\n\n\nSome more text.\n::remark::\n::",
      "item": "",
      "hint": "",
      "isExample": false,
      "example": "",
      "ageRange": [
        "18",
        "120"
      ],
      "language": [
        "en",
        "jp",
        "cn"
      ]
    },
    "parser": {
      "excessResources": [
        {
          "type": "image",
          "format": "jpg",
          "src": "https://cdn.bitbook.education/cat.jpg"
        }
      ]
    }
  },
  {
    "bitmark": "[.side-note:bitmark++]\n[@ageRange:18][@ageRange:120]\n[@language:en]\n[@language:jp]\n[@language:cn]\n\n**Some bold text,**\nfollowed by some plain text. cloze open close cloze1 book.\n[&image:https://cdn.bitbook.education/cat.jpg]\n\nSome more text.\n::remark::\n::",
    "bit": {
      "type": "side-note",
      "format": "bitmark++",
      "body": "**Some bold text,**\nfollowed by some plain text. cloze open close cloze1 book.\n\n\nSome more text.\n::remark::\n::",
      "item": "",
      "hint": "",
      "isExample": false,
      "example": "",
      "ageRange": [
        "18",
        "120"
      ],
      "language": [
        "en",
        "jp",
        "cn"
      ]
    },
    "parser": {
      "excessResources": [
        {
          "type": "image",
          "format": "jpg",
          "src": "https://cdn.bitbook.education/cat.jpg"
        }
      ]
    }
  },
  {
    "bitmark": "[.sticky-note:bitmark++]\n[@ageRange:18][@ageRange:120]\n[@language:en]\n[@language:jp]\n[@language:cn]\n\n**Some bold text,**\nfollowed by some plain text. cloze open close cloze1 book.\n[&image:https://cdn.bitbook.education/cat.jpg]\n\nSome more text.\n::remark::\n::",
    "bit": {
      "type": "sticky-note",
      "format": "bitmark++",
      "body": "**Some bold text,**\nfollowed by some plain text. cloze open close cloze1 book.\n\n\nSome more text.\n::remark::\n::",
      "item": "",
      "hint": "",
      "isExample": false,
      "example": "",
      "ageRange": [
        "18",
        "120"
      ],
      "language": [
        "en",
        "jp",
        "cn"
      ]
    },
    "parser": {
      "excessResources": [
        {
          "type": "image",
          "format": "jpg",
          "src": "https://cdn.bitbook.education/cat.jpg"
        }
      ]
    }
  },
  {
    "bitmark": "[.quote:bitmark++]\n[@ageRange:18][@ageRange:120]\n[@language:en]\n[@language:jp]\n[@language:cn]\n\n**Some bold text,**\nfollowed by some plain text. cloze open close cloze1 book.\n[&image:https://cdn.bitbook.education/cat.jpg]\n\nSome more text.\n::remark::\n::",
    "bit": {
      "type": "quote",
      "format": "bitmark++",
      "body": "**Some bold text,**\nfollowed by some plain text. cloze open close cloze1 book.\n\n\nSome more text.\n::remark::\n::",
      "item": "",
      "hint": "",
      "isExample": false,
      "example": "",
      "ageRange": [
        "18",
        "120"
      ],
      "language": [
        "en",
        "jp",
        "cn"
      ]
    },
    "parser": {
      "excessResources": [
        {
          "type": "image",
          "format": "jpg",
          "src": "https://cdn.bitbook.education/cat.jpg"
        }
      ]
    }
  },
  {
    "bitmark": "[.foot-note:bitmark++]\n[@ageRange:18][@ageRange:120]\n[@language:en]\n[@language:jp]\n[@language:cn]\n\n**Some bold text,**\nfollowed by some plain text. cloze open close cloze1 book.\n[&image:https://cdn.bitbook.education/cat.jpg]\n\nSome more text.\n::remark::\n::",
    "bit": {
      "type": "foot-note",
      "format": "bitmark++",
      "body": "**Some bold text,**\nfollowed by some plain text. cloze open close cloze1 book.\n\n\nSome more text.\n::remark::\n::",
      "item": "",
      "hint": "",
      "isExample": false,
      "example": "",
      "ageRange": [
        "18",
        "120"
      ],
      "language": [
        "en",
        "jp",
        "cn"
      ]
    },
    "parser": {
      "excessResources": [
        {
          "type": "image",
          "format": "jpg",
          "src": "https://cdn.bitbook.education/cat.jpg"
        }
      ]
    }
  },
  {
    "bitmark": "[.hint:bitmark++]\n[@ageRange:18][@ageRange:120]\n[@language:en]\n[@language:jp]\n[@language:cn]\n\n**Some bold text,**\nfollowed by some plain text. cloze open close cloze1 book.\n[&image:https://cdn.bitbook.education/cat.jpg]\n\nSome more text.\n::remark::\n::",
    "bit": {
      "type": "hint",
      "format": "bitmark++",
      "body": "**Some bold text,**\nfollowed by some plain text. cloze open close cloze1 book.\n\n\nSome more text.\n::remark::\n::",
      "item": "",
      "hint": "",
      "isExample": false,
      "example": "",
      "ageRange": [
        "18",
        "120"
      ],
      "language": [
        "en",
        "jp",
        "cn"
      ]
    },
    "parser": {
      "excessResources": [
        {
          "type": "image",
          "format": "jpg",
          "src": "https://cdn.bitbook.education/cat.jpg"
        }
      ]
    }
  }
]