[
  {
    "bitmark": "[.article:bitmark--&image-link]\n[@id:119760]\n[&image-link:https://docs.bitmark.cloud/bit-books/rav/web-resources/video/rav_video.mp4][@src2x:https://docs.bitmark.cloud/bit-books/rav/web-resources/video/poster.png]",
    "bit": {
      "type": "article",
      "format": "bitmark--",
      "body": "",
      "id": [
        "119760"
      ],
      "resource": {
        "type": "image-link",
        "imageLink": {
          "provider": "",
          "url": "https://docs.bitmark.cloud/bit-books/rav/web-resources/video/rav_video.mp4",
          "format": "mp4",
          "src2x": "https://docs.bitmark.cloud/bit-books/rav/web-resources/video/poster.png"
        }
      }
    }
  },
  {
    "bitmark": "[.article:bitmark--&website-link]\n[@id:119760]\n[&website-link:https://docs.bitmark.cloud/bit-books/rav/web-resources/video/rav_video.mp4]",
    "bit": {
      "type": "article",
      "format": "bitmark--",
      "body": "",
      "id": [
        "119760"
      ],
      "resource": {
        "type": "website-link",
        "websiteLink": {
          "siteName": "",
          "url": "https://docs.bitmark.cloud/bit-books/rav/web-resources/video/rav_video.mp4"
        }
      }
    }
  },
  {
    "bitmark": "[.article:bitmark--&article-link]\n[@id:119760]\n[&article-link:https://docs.bitmark.cloud/bit-books/rav/web-resources/video/rav_video.mp4]",
    "bit": {
      "type": "article",
      "format": "bitmark--",
      "body": "",
      "id": [
        "119760"
      ],
      "resource": {
        "type": "article-link",
        "articleLink": {
          "url": "https://docs.bitmark.cloud/bit-books/rav/web-resources/video/rav_video.mp4"
        }
      }
    }
  },
  {
    "bitmark": "[.article:bitmark--&video]\n[@id:119760]\n[&video:https://docs.bitmark.cloud/bit-books/rav/web-resources/video/rav_video.mp4][@posterImage:https://docs.bitmark.cloud/bit-books/rav/web-resources/video/poster.png][@width:740][@height:540]",
    "bit": {
      "type": "article",
      "format": "bitmark--",
      "body": "",
      "id": [
        "119760"
      ],
      "resource": {
        "type": "video",
        "video": {
          "format": "mp4",
          "src": "https://docs.bitmark.cloud/bit-books/rav/web-resources/video/rav_video.mp4",
          "width": "740",
          "height": "540",
          "duration": "",
          "mute": false,
          "autoplay": false,
          "allowSubtitles": false,
          "showSubtitles": false,
          "alt": "",
          "license": "",
          "copyright": "",
          "posterImage": {
            "src": "https://docs.bitmark.cloud/bit-books/rav/web-resources/video/poster.png",
            "format": "png",
            "width": null,
            "height": null
          }
        }
      }
    }
  },
  {
    "bitmark": "[.article:bitmark--&image]\n[@id:119760]\n[&image:https://docs.bitmark.cloud/bit-books/rav/web-resources/video/rav_video.mp4][@src2x:https://docs.bitmark.cloud/bit-books/rav/web-resources/video/poster.png][@width:1040][@height:140]",
    "bit": {
      "type": "article",
      "format": "bitmark--",
      "body": "",
      "id": [
        "119760"
      ],
      "resource": {
        "type": "image",
        "image": {
          "src": "https://docs.bitmark.cloud/bit-books/rav/web-resources/video/rav_video.mp4",
          "showInIndex": false,
          "format": "mp4",
          "width": "1040",
          "height": "140",
          "alt": "",
          "caption": "",
          "license": "",
          "copyright": "",
          "src2x": "https://docs.bitmark.cloud/bit-books/rav/web-resources/video/poster.png"
        }
      }
    }
  },
  {
    "bitmark": "[.article:bitmark--&website-link]\n[@id:119760]\n[&website-link:https://docs.bitmark.cloud/bit-books/rav/web-resources/video/rav_video.mp4]",
    "bit": {
      "type": "article",
      "format": "bitmark--",
      "body": "",
      "id": [
        "119760"
      ],
      "resource": {
        "type": "website-link",
        "websiteLink": {
          "siteName": "",
          "url": "https://docs.bitmark.cloud/bit-books/rav/web-resources/video/rav_video.mp4"
        }
      }
    }
  },
  {
    "bitmark": "[.article:bitmark--&article-link]\n[@id:119760]\n[&article-link:https://docs.bitmark.cloud/bit-books/rav/web-resources/video/rav_video.mp4]",
    "bit": {
      "type": "article",
      "format": "bitmark--",
      "body": "",
      "id": [
        "119760"
      ],
      "resource": {
        "type": "article-link",
        "articleLink": {
          "url": "https://docs.bitmark.cloud/bit-books/rav/web-resources/video/rav_video.mp4"
        }
      }
    }
  },
  {
    "bitmark": "[.article:bitmark--&app-link]\n[@id:119760]\n[&app-link:https://docs.bitmark.cloud/bit-books/rav/web-resources/video/rav_video.mp4]",
    "bit": {
      "type": "article",
      "format": "bitmark--",
      "body": "",
      "id": [
        "119760"
      ],
      "resource": {
        "type": "app-link",
        "appLink": {
          "url": "https://docs.bitmark.cloud/bit-books/rav/web-resources/video/rav_video.mp4"
        }
      }
    }
  },
  {
    "bitmark": "[.article:bitmark--&video]\n[@id:119760]\n[&video:https://docs.bitmark.cloud/bit-books/rav/web-resources/video/rav_video.mp4][@posterImage:https://docs.bitmark.cloud/bit-books/rav/web-resources/video/poster.png][@width:740][@height:540][@duration:PT12M31S]",
    "bit": {
      "type": "article",
      "format": "bitmark--",
      "body": "",
      "id": [
        "119760"
      ],
      "resource": {
        "type": "video",
        "video": {
          "format": "mp4",
          "src": "https://docs.bitmark.cloud/bit-books/rav/web-resources/video/rav_video.mp4",
          "width": "740",
          "height": "540",
          "duration": "PT12M31S",
          "mute": false,
          "autoplay": false,
          "allowSubtitles": false,
          "showSubtitles": false,
          "alt": "",
          "license": "",
          "copyright": "",
          "posterImage": {
            "src": "https://docs.bitmark.cloud/bit-books/rav/web-resources/video/poster.png",
            "format": "png",
            "width": null,
            "height": null
          }
        }
      }
    }
  },
  {
    "bitmark": "[.article:bitmark--&video-link]\n[@id:119760]\n[&video-link:https://docs.bitmark.cloud/bit-books/rav/web-resources/video/rav_video.mp4][@src1x:https://www.youtube.com/tumb_201809210816.png][@src2x:https://www.youtube.com/tumb_201809210816.png][@width:740][@height:540][@duration:PT12M31S]",
    "bit": {
      "type": "article",
      "format": "bitmark--",
      "body": "",
      "id": [
        "119760"
      ],
      "resource": {
        "type": "video-link",
        "videoLink": {
          "provider": "docs.bitmark.cloud",
          "url": "https://docs.bitmark.cloud/bit-books/rav/web-resources/video/rav_video.mp4",
          "width": "740",
          "height": "540",
          "duration": "PT12M31S",
          "thumbnails": [
            {
              "format": "png",
              "width": null,
              "height": null,
              "src1x": "https://www.youtube.com/tumb_201809210816.png"
            },
            {
              "format": "png",
              "width": null,
              "height": null,
              "src2x": "https://www.youtube.com/tumb_201809210816.png"
            }
          ]
        }
      }
    }
  },
  {
    "bitmark": "[.article:bitmark--&still-image-film]\n[@id:119760]\n[&still-image-film:https://docs.bitmark.cloud/bit-books/rav/web-resources/video/rav_video.mp4][@duration:PT12M31S]",
    "bit": {
      "type": "article",
      "format": "bitmark--",
      "body": "",
      "id": [
        "119760"
      ],
      "resource": {
        "type": "still-image-film",
        "image": {
          "provider": "",
          "url": "https://docs.bitmark.cloud/bit-books/rav/web-resources/video/rav_video.mp4",
          "format": "mp4",
          "duration": "PT12M31S"
        }
      }
    }
  },
  {
    "bitmark": "[.article:bitmark--&still-image-film-link]\n[@id:119760]\n[&still-image-film-link:https://docs.bitmark.cloud/bit-books/rav/web-resources/video/rav_video.mp4][@duration:PT12M31S]",
    "bit": {
      "type": "article",
      "format": "bitmark--",
      "body": "",
      "id": [
        "119760"
      ],
      "resource": {
        "type": "still-image-film-link",
        "videoLink": {
          "provider": "",
          "url": "https://docs.bitmark.cloud/bit-books/rav/web-resources/video/rav_video.mp4",
          "format": "mp4",
          "duration": "PT12M31S"
        }
      }
    }
  }
]