[
  {
    "bitmark": "[.self-assessment]\n===\nI can discuss technical issues.\n[• well]\n[• not so well]\n===\nI can discuss sports.\n[• well]\n[• not so well]\n===",
    "bit": {
      "type": "self-assessment",
      "format": "bitmark--",
      "body": "===\nI can discuss technical issues.\n\n\n===\nI can discuss sports.\n\n\n===",
      "item": "",
      "hint": "",
      "isExample": false,
      "example": "",
      "bullet": [
        "well",
        "not so well",
        "well",
        "not so well"
      ]
    }
  }
]