[
  {
    "bitmark": "[.true-false-1]\n[+Ein Elefant ist grösser als eine Maus.]",
    "bit": {
      "type": "true-false-1",
      "format": "bitmark--",
      "item": "",
      "lead": "",
      "instruction": "",
      "hint": "",
      "statement": "Ein Elefant ist grösser als eine Maus.",
      "isCorrect": true,
      "isExample": false,
      "body": ""
    }
  }
]