[
  {
    "bitmark": "[.image]\n[@id:304379]\n[@stat:ok]\n[&image:https://miro.medium.com/v2/resizefit1400/1nT_Rrk9LCI5XWiLGzzOzBQ*.gif]",
    "bit": {
      "type": "image",
      "format": "bitmark--",
      "body": "",
      "item": "",
      "hint": "",
      "isExample": false,
      "example": "",
      "id": [
        "304379"
      ],
      "stat": [
        "ok"
      ],
      "resource": {
        "type": "image",
        "image": {
          "src": "https://miro.medium.com/v2/resizefit1400/1nT_Rrk9LCI5XWiLGzzOzBQ*.gif",
          "showInIndex": false,
          "format": "gif",
          "width": null,
          "height": null,
          "alt": "",
          "caption": "",
          "license": "",
          "copyright": ""
        }
      }
    }
  },
  {
    "bitmark": "[.image]\n[@id:304379]\n[@stat:ok]\n[&image:https://miro.medium.com/v2/resizefit1400/1nT_Rrk9LCI5XWiLGzzOzBQ$.gif]",
    "bit": {
      "type": "image",
      "format": "bitmark--",
      "body": "",
      "item": "",
      "hint": "",
      "isExample": false,
      "example": "",
      "id": [
        "304379"
      ],
      "stat": [
        "ok"
      ],
      "resource": {
        "type": "image",
        "image": {
          "src": "https://miro.medium.com/v2/resizefit1400/1nT_Rrk9LCI5XWiLGzzOzBQ$.gif",
          "showInIndex": false,
          "format": "gif",
          "width": null,
          "height": null,
          "alt": "",
          "caption": "",
          "license": "",
          "copyright": ""
        }
      }
    }
  },
  {
    "bitmark": "[.image]\n[@id:304379]\n[@stat:ok]\n[&image:https://miro.med'ium.com/v2/resizefit1400/1nT_Rrk9LCI5XWiLGzzOzBQ'.gif]",
    "bit": {
      "type": "image",
      "format": "bitmark--",
      "body": "",
      "item": "",
      "hint": "",
      "isExample": false,
      "example": "",
      "id": [
        "304379"
      ],
      "stat": [
        "ok"
      ],
      "resource": {
        "type": "image",
        "image": {
          "src": "https://miro.med'ium.com/v2/resizefit1400/1nT_Rrk9LCI5XWiLGzzOzBQ'.gif",
          "showInIndex": false,
          "format": "gif",
          "width": null,
          "height": null,
          "alt": "",
          "caption": "",
          "license": "",
          "copyright": ""
        }
      }
    }
  },
  {
    "bitmark": "[.image]\n[@id:304379]\n[@stat:ok]\n[&image:https://miro.medium.com/v2/resizefit1400/1nT_Rrk9LCI5XWiLGzzOzBQ%.gif]",
    "bit": {
      "type": "image",
      "format": "bitmark--",
      "body": "",
      "item": "",
      "hint": "",
      "isExample": false,
      "example": "",
      "id": [
        "304379"
      ],
      "stat": [
        "ok"
      ],
      "resource": {
        "type": "image",
        "image": {
          "src": "https://miro.medium.com/v2/resizefit1400/1nT_Rrk9LCI5XWiLGzzOzBQ%.gif",
          "showInIndex": false,
          "format": "gif",
          "width": null,
          "height": null,
          "alt": "",
          "caption": "",
          "license": "",
          "copyright": ""
        }
      }
    }
  },
  {
    "bitmark": "[.image]\n[@id:304379]\n[@stat:ok]\n[&image:https://miro.medium.com/v2/resizefit1400/1nT_Rrk9LCI5XWiLGzzOzBQ&.gif]",
    "bit": {
      "type": "image",
      "format": "bitmark--",
      "body": "",
      "item": "",
      "hint": "",
      "isExample": false,
      "example": "",
      "id": [
        "304379"
      ],
      "stat": [
        "ok"
      ],
      "resource": {
        "type": "image",
        "image": {
          "src": "https://miro.medium.com/v2/resizefit1400/1nT_Rrk9LCI5XWiLGzzOzBQ&.gif",
          "showInIndex": false,
          "format": "gif",
          "width": null,
          "height": null,
          "alt": "",
          "caption": "",
          "license": "",
          "copyright": ""
        }
      }
    }
  },
  {
    "bitmark": "[.image]\n[@id:304379]\n[@stat:ok]\n[&image:https://miro.medium.com/v2/resizefit1400/1nT_Rrk9LCI5XWiLGzzOzBQ+.gif]",
    "bit": {
      "type": "image",
      "format": "bitmark--",
      "body": "",
      "item": "",
      "hint": "",
      "isExample": false,
      "example": "",
      "id": [
        "304379"
      ],
      "stat": [
        "ok"
      ],
      "resource": {
        "type": "image",
        "image": {
          "src": "https://miro.medium.com/v2/resizefit1400/1nT_Rrk9LCI5XWiLGzzOzBQ+.gif",
          "showInIndex": false,
          "format": "gif",
          "width": null,
          "height": null,
          "alt": "",
          "caption": "",
          "license": "",
          "copyright": ""
        }
      }
    }
  },
  {
    "bitmark": "[.image]\n[@id:304379]\n[@stat:ok]\n[&image:https://miro.medium.com/v2/resizefit1400/1nT_Rrk9LCI5XWiLG,zzOzBQ.gif]",
    "bit": {
      "type": "image",
      "format": "bitmark--",
      "body": "",
      "item": "",
      "hint": "",
      "isExample": false,
      "example": "",
      "id": [
        "304379"
      ],
      "stat": [
        "ok"
      ],
      "resource": {
        "type": "image",
        "image": {
          "src": "https://miro.medium.com/v2/resizefit1400/1nT_Rrk9LCI5XWiLG,zzOzBQ.gif",
          "showInIndex": false,
          "format": "gif",
          "width": null,
          "height": null,
          "alt": "",
          "caption": "",
          "license": "",
          "copyright": ""
        }
      }
    }
  },
  {
    "bitmark": "[.image]\n[@id:304379]\n[@stat:ok]\n[&image:https://miro.medium.com/v2/resizefit1400/1nT_Rrk9LCI5XWiLGzzOzBQ;.gif]",
    "bit": {
      "type": "image",
      "format": "bitmark--",
      "body": "",
      "item": "",
      "hint": "",
      "isExample": false,
      "example": "",
      "id": [
        "304379"
      ],
      "stat": [
        "ok"
      ],
      "resource": {
        "type": "image",
        "image": {
          "src": "https://miro.medium.com/v2/resizefit1400/1nT_Rrk9LCI5XWiLGzzOzBQ;.gif",
          "showInIndex": false,
          "format": "gif",
          "width": null,
          "height": null,
          "alt": "",
          "caption": "",
          "license": "",
          "copyright": ""
        }
      }
    }
  },
  {
    "bitmark": "[.image]\n[@stat:ok]\n[@id:304379]\n[&image:https://miro.medium.com/v2/resizefit1400/1nT_Rrk9LCI5XWiLGzzOzBQ=.gif]",
    "bit": {
      "type": "image",
      "format": "bitmark--",
      "body": "",
      "item": "",
      "hint": "",
      "isExample": false,
      "example": "",
      "stat": [
        "ok"
      ],
      "id": [
        "304379"
      ],
      "resource": {
        "type": "image",
        "image": {
          "src": "https://miro.medium.com/v2/resizefit1400/1nT_Rrk9LCI5XWiLGzzOzBQ=.gif",
          "showInIndex": false,
          "format": "gif",
          "width": null,
          "height": null,
          "alt": "",
          "caption": "",
          "license": "",
          "copyright": ""
        }
      }
    }
  },
  {
    "bitmark": "[.image]\n[@id:304379]\n[@stat:ok]\n[&image:https://miro.medium.com/v2/resizefit1400/1nT_Rrk9LCI5XWiLGz(zOzBQ)'.gif]",
    "bit": {
      "type": "image",
      "format": "bitmark--",
      "body": "",
      "item": "",
      "hint": "",
      "isExample": false,
      "example": "",
      "id": [
        "304379"
      ],
      "stat": [
        "ok"
      ],
      "resource": {
        "type": "image",
        "image": {
          "src": "https://miro.medium.com/v2/resizefit1400/1nT_Rrk9LCI5XWiLGz(zOzBQ)'.gif",
          "showInIndex": false,
          "format": "gif",
          "width": null,
          "height": null,
          "alt": "",
          "caption": "",
          "license": "",
          "copyright": ""
        }
      }
    }
  },
  {
    "bitmark": "[.image]\n[@id:304379]\n[@stat:ngk]\n[&image:https://miro.medium.com/v2/resizefit1400/1nT_Rrk9LCI5XWiLGzzOzBQ[1].gif]",
    "bit": {
      "type": "image",
      "format": "bitmark--",
      "body": "",
      "item": "",
      "hint": "",
      "isExample": false,
      "example": "",
      "id": [
        "304379"
      ],
      "stat": [
        "ngk"
      ],
      "resource": {
        "type": "image",
        "image": {
          "src": "https://miro.medium.com/v2/resizefit1400/1nT_Rrk9LCI5XWiLGzzOzBQ[1].gif",
          "showInIndex": false,
          "format": "gif",
          "width": null,
          "height": null,
          "alt": "",
          "caption": "",
          "license": "",
          "copyright": ""
        }
      }
    }
  },
  {
    "bitmark": "[.image]\n[@id:304379]\n[@stat:ngk]\n[&video-link:https://miro.medium.com/v2/resizefit1400/1nT_Rrk9LCI5XWiLGzzOzBQ[].gif]\n[&image-link:https://miro.medium.com/v2/resizefit1400/1nT_Rrk9LCI5XWiLGzzOzBQ[].gif]",
    "bit": {
      "type": "image",
      "format": "bitmark--",
      "body": "",
      "item": "",
      "hint": "",
      "isExample": false,
      "example": "",
      "id": [
        "304379"
      ],
      "stat": [
        "ngk"
      ],
      "resource": {
        "type": "image-link",
        "image": {
          "provider": "",
          "url": "",
          "src": "https://miro.medium.com/v2/resizefit1400/1nT_Rrk9LCI5XWiLGzzOzBQ[].gif",
          "format": "gif"
        }
      }
    },
    "parser": {
      "excessResources": [
        {
          "type": "video-link",
          "format": "gif",
          "src": "https://miro.medium.com/v2/resizefit1400/1nT_Rrk9LCI5XWiLGzzOzBQ[].gif"
        }
      ]
    }
  }
]